Component: ARM Compiler 5.06 update 7 (build 960) Tool: armlink [4d3601]

==============================================================================

Section Cross References

    main.o(.text) refers to drv_bsp.o(.text) for All_Init
    main.o(.text) refers to ano_scheduler.o(.text) for Scheduler_Setup
    ano_scheduler.o(.text) refers to my_protocol.o(.text) for Send_str_by_len
    ano_scheduler.o(.text) refers to user_task.o(.text) for UserTask_OneKeyCmd
    ano_scheduler.o(.text) refers to drv_sys.o(.text) for GetSysRunTimeMs
    ano_scheduler.o(.text) refers to my_protocol.o(.data) for pi_receive_done_sign
    ano_scheduler.o(.text) refers to my_protocol.o(.bss) for RxBuffer
    ano_scheduler.o(.text) refers to ano_scheduler.o(.bss) for lidar
    ano_scheduler.o(.text) refers to ano_scheduler.o(.data) for sched_tasks
    ano_scheduler.o(.data) refers to ano_scheduler.o(.text) for Loop_1000Hz
    user_task.o(.text) refers to lx_fc_fun.o(.text) for OneKey_Takeoff
    user_task.o(.text) refers to ano_lx.o(.bss) for rt_tar
    user_task.o(.text) refers to ano_dt_lx.o(.bss) for dt
    user_task.o(.text) refers to drv_bsp.o(.bss) for rc_in
    user_task.o(.text) refers to user_task.o(.data) for one_key_takeoff_f
    ano_dt_lx.o(.text) refers to drv_uart.o(.text) for DrvUart5SendBuf
    ano_dt_lx.o(.text) refers to ano_dt_lx.o(.bss) for dt
    ano_dt_lx.o(.text) refers to ano_lx.o(.bss) for pwm_to_esc
    ano_dt_lx.o(.text) refers to drv_led.o(.data) for led
    ano_dt_lx.o(.text) refers to lx_fc_state.o(.bss) for fc_sta
    ano_dt_lx.o(.text) refers to ano_lx.o(.data) for fc_vel
    ano_dt_lx.o(.text) refers to ano_dt_lx.o(.data) for rxstate
    ano_dt_lx.o(.text) refers to lx_fc_ext_sensor.o(.bss) for ext_sens
    ano_dt_lx.o(.text) refers to drv_bsp.o(.bss) for rc_in
    ano_lx.o(.text) refers to lx_fc_fun.o(.text) for LX_Change_Mode
    ano_lx.o(.text) refers to ano_math.o(.text) for my_deadzone
    ano_lx.o(.text) refers to drv_pwmout.o(.text) for DrvMotorPWMSet
    ano_lx.o(.text) refers to drv_adc.o(.text) for Drv_AdcGetBatVot
    ano_lx.o(.text) refers to drv_bsp.o(.text) for DrvRcInputTask
    ano_lx.o(.text) refers to lx_fc_state.o(.text) for LX_FC_State_Task
    ano_lx.o(.text) refers to drv_bsp.o(.bss) for rc_in
    ano_lx.o(.text) refers to ano_lx.o(.data) for mod_f
    ano_lx.o(.text) refers to lx_fc_state.o(.data) for sti_fun
    ano_lx.o(.text) refers to ano_lx.o(.bss) for rt_tar
    ano_lx.o(.text) refers to ano_dt_lx.o(.bss) for dt
    ano_lx.o(.text) refers to drv_anoof.o(.text) for AnoOF_Check_State
    ano_lx.o(.text) refers to drv_uart.o(.text) for DrvUartDataCheck
    ano_lx.o(.text) refers to drv_ubloxgps.o(.text) for GPS_Data_Prepare_Task
    ano_lx.o(.text) refers to lx_fc_ext_sensor.o(.text) for LX_FC_EXT_Sensor_Task
    ano_lx.o(.text) refers to ano_dt_lx.o(.text) for ANO_LX_Data_Exchange_Task
    ano_lx.o(.text) refers to drv_led.o(.text) for LED_1ms_DRV
    lx_fc_ext_sensor.o(.text) refers to drv_anoof.o(.bss) for ano_of
    lx_fc_ext_sensor.o(.text) refers to lx_fc_ext_sensor.o(.data) for of_alt_update_cnt
    lx_fc_ext_sensor.o(.text) refers to lx_fc_ext_sensor.o(.bss) for ext_sens
    lx_fc_ext_sensor.o(.text) refers to ano_dt_lx.o(.bss) for dt
    lx_fc_fun.o(.text) refers to ano_dt_lx.o(.text) for CMD_Send
    lx_fc_fun.o(.text) refers to lx_fc_state.o(.bss) for fc_sta
    lx_fc_fun.o(.text) refers to ano_dt_lx.o(.bss) for dt
    lx_fc_fun.o(.text) refers to lx_fc_fun.o(.data) for old_mode
    lx_fc_state.o(.text) refers to lx_fc_fun.o(.text) for FC_Unlock
    lx_fc_state.o(.text) refers to drv_bsp.o(.bss) for rc_in
    lx_fc_state.o(.text) refers to lx_fc_state.o(.data) for sti_fun
    lx_fc_state.o(.text) refers to lx_fc_state.o(.bss) for fc_sta
    drv_bsp.o(.text) refers to drv_rcin.o(.text) for DrvRcPpmInit
    drv_bsp.o(.text) refers to drv_sys.o(.text) for DrvSysInit
    drv_bsp.o(.text) refers to drv_led.o(.text) for DvrLedInit
    drv_bsp.o(.text) refers to drv_pwmout.o(.text) for DrvPwmOutInit
    drv_bsp.o(.text) refers to drv_uart.o(.text) for DrvUart2Init
    drv_bsp.o(.text) refers to drv_adc.o(.text) for DrvAdcInit
    drv_bsp.o(.text) refers to ano_dt_lx.o(.text) for ANO_DT_Init
    drv_bsp.o(.text) refers to drv_ubloxgps.o(.text) for Init_GPS
    drv_bsp.o(.text) refers to drv_timer.o(.text) for DrvTimerFcInit
    drv_bsp.o(.text) refers to drv_bsp.o(.bss) for rc_in
    drv_bsp.o(.text) refers to drv_bsp.o(.data) for ch_sta
    ano_math.o(.text) refers to cdcmple.o(.text) for __aeabi_cdcmple
    ano_math.o(.text) refers to dmul.o(.text) for __aeabi_dmul
    ano_math.o(.text) refers to dadd.o(.text) for __aeabi_dadd
    ano_math.o(.text) refers to cdrcmple.o(.text) for __aeabi_cdrcmple
    ano_math.o(.text) refers to dflti.o(.text) for __aeabi_i2d
    ano_math.o(.text) refers to d2f.o(.text) for __aeabi_d2f
    ano_math.o(.text) refers to ano_math.o(.constdata) for fast_atan_table
    drv_anoof.o(.text) refers to drv_anoof.o(.bss) for check_time_ms
[...]
    ..\\DriversMcu\\STM32F407\\Drivers\\stm32f4xx_it.c 0x00000000   Number         0  stm32f4xx_it.o ABSOLUTE
    ..\\DriversMcu\\STM32F407\\Libraries\\CMSIS\\ST\\STM32F4xx\\Source\\Templates\\system_stm32f4xx.c 0x00000000   Number         0  system_stm32f4xx.o ABSOLUTE
    ..\\DriversMcu\\STM32F407\\Libraries\\STM32F4xx_StdPeriph_Driver\\src\\misc.c 0x00000000   Number         0  misc.o ABSOLUTE
    ..\\DriversMcu\\STM32F407\\Libraries\\STM32F4xx_StdPeriph_Driver\\src\\stm32f4xx_adc.c 0x00000000   Number         0  stm32f4xx_adc.o ABSOLUTE
    ..\\DriversMcu\\STM32F407\\Libraries\\STM32F4xx_StdPeriph_Driver\\src\\stm32f4xx_dma.c 0x00000000   Number         0  stm32f4xx_dma.o ABSOLUTE
    ..\\DriversMcu\\STM32F407\\Libraries\\STM32F4xx_StdPeriph_Driver\\src\\stm32f4xx_exti.c 0x00000000   Number         0  stm32f4xx_exti.o ABSOLUTE
    ..\\DriversMcu\\STM32F407\\Libraries\\STM32F4xx_StdPeriph_Driver\\src\\stm32f4xx_flash.c 0x00000000   Number         0  stm32f4xx_flash.o ABSOLUTE
    ..\\DriversMcu\\STM32F407\\Libraries\\STM32F4xx_StdPeriph_Driver\\src\\stm32f4xx_gpio.c 0x00000000   Number         0  stm32f4xx_gpio.o ABSOLUTE
    ..\\DriversMcu\\STM32F407\\Libraries\\STM32F4xx_StdPeriph_Driver\\src\\stm32f4xx_rcc.c 0x00000000   Number         0  stm32f4xx_rcc.o ABSOLUTE
    ..\\DriversMcu\\STM32F407\\Libraries\\STM32F4xx_StdPeriph_Driver\\src\\stm32f4xx_spi.c 0x00000000   Number         0  stm32f4xx_spi.o ABSOLUTE
    ..\\DriversMcu\\STM32F407\\Libraries\\STM32F4xx_StdPeriph_Driver\\src\\stm32f4xx_tim.c 0x00000000   Number         0  stm32f4xx_tim.o ABSOLUTE
    ..\\DriversMcu\\STM32F407\\Libraries\\STM32F4xx_StdPeriph_Driver\\src\\stm32f4xx_usart.c 0x00000000   Number         0  stm32f4xx_usart.o ABSOLUTE
    ..\\FcSrc\\ANO_DT_LX.c                   0x00000000   Number         0  ano_dt_lx.o ABSOLUTE
    ..\\FcSrc\\ANO_LX.c                      0x00000000   Number         0  ano_lx.o ABSOLUTE
    ..\\FcSrc\\Ano_Scheduler.c               0x00000000   Number         0  ano_scheduler.o ABSOLUTE
    ..\\FcSrc\\LX_FC_EXT_Sensor.c            0x00000000   Number         0  lx_fc_ext_sensor.o ABSOLUTE
    ..\\FcSrc\\LX_FC_Fun.c                   0x00000000   Number         0  lx_fc_fun.o ABSOLUTE
    ..\\FcSrc\\LX_FC_State.c                 0x00000000   Number         0  lx_fc_state.o ABSOLUTE
    ..\\FcSrc\\User_Task.c                   0x00000000   Number         0  user_task.o ABSOLUTE
    ..\\FcSrc\\main.c                        0x00000000   Number         0  main.o ABSOLUTE
    ..\\Mycode\\my_protocol.c                0x00000000   Number         0  my_protocol.o ABSOLUTE
    cdcmple.s                                0x00000000   Number         0  cdcmple.o ABSOLUTE
    cdrcmple.s                               0x00000000   Number         0  cdrcmple.o ABSOLUTE
    dc.s                                     0x00000000   Number         0  dc.o ABSOLUTE
    handlers.s                               0x00000000   Number         0  handlers.o ABSOLUTE
    init.s                                   0x00000000   Number         0  init.o ABSOLUTE
    RESET                                    0x08000000   Section      392  startup_stm32f4xx.o(RESET)
    .ARM.Collect$$$$00000000                 0x08000188   Section        0  entry.o(.ARM.Collect$$$$00000000)
    .ARM.Collect$$$$00000001                 0x08000188   Section        4  entry2.o(.ARM.Collect$$$$00000001)
    .ARM.Collect$$$$00000004                 0x0800018c   Section        4  entry5.o(.ARM.Collect$$$$00000004)
    .ARM.Collect$$$$00000008                 0x08000190   Section        0  entry7b.o(.ARM.Collect$$$$00000008)
    .ARM.Collect$$$$0000000A                 0x08000190   Section        0  entry8b.o(.ARM.Collect$$$$0000000A)
    .ARM.Collect$$$$0000000B                 0x08000190   Section        8  entry9a.o(.ARM.Collect$$$$0000000B)
    .ARM.Collect$$$$0000000E                 0x08000198   Section        4  entry12b.o(.ARM.Collect$$$$0000000E)
    .ARM.Collect$$$$0000000F                 0x0800019c   Section        0  entry10a.o(.ARM.Collect$$$$0000000F)
    .ARM.Collect$$$$00000011                 0x0800019c   Section        0  entry11a.o(.ARM.Collect$$$$00000011)
    .ARM.Collect$$$$00002712                 0x0800019c   Section        4  entry2.o(.ARM.Collect$$$$00002712)
    __lit__00000000                          0x0800019c   Data           4  entry2.o(.ARM.Collect$$$$00002712)
    .text                                    0x080001a0   Section        0  main.o(.text)
    .text                                    0x080001b4   Section        0  ano_scheduler.o(.text)
    Loop_1000Hz                              0x080001b5   Thumb Code     2  ano_scheduler.o(.text)
    Loop_500Hz                               0x080001b7   Thumb Code    48  ano_scheduler.o(.text)
    Loop_200Hz                               0x080001e7   Thumb Code     2  ano_scheduler.o(.text)
    Loop_100Hz                               0x080001e9   Thumb Code     2  ano_scheduler.o(.text)
    Loop_50Hz                                0x080001eb   Thumb Code     8  ano_scheduler.o(.text)
    Loop_20Hz                                0x080001f3   Thumb Code     2  ano_scheduler.o(.text)
    Loop_2Hz                                 0x080001f5   Thumb Code     2  ano_scheduler.o(.text)
    .text                                    0x080002a8   Section        0  user_task.o(.text)
    .text                                    0x08000504   Section        0  ano_dt_lx.o(.text)
    ANO_DT_LX_Send_Data                      0x080005ab   Thumb Code    16  ano_dt_lx.o(.text)
    ANO_DT_LX_Data_Receive_Anl               0x080005d5   Thumb Code   486  ano_dt_lx.o(.text)
    Add_Send_Data                            0x080008bd   Thumb Code   444  ano_dt_lx.o(.text)
    Frame_Send                               0x08000a79   Thumb Code   190  ano_dt_lx.o(.text)
    Check_To_Send                            0x08000b37   Thumb Code   138  ano_dt_lx.o(.text)
    CK_Back_Check                            0x08000c1b   Thumb Code    90  ano_dt_lx.o(.text)
    .text                                    0x08000c98   Section        0  ano_lx.o(.text)
    RC_Data_Task                             0x08000c99   Thumb Code   568  ano_lx.o(.text)
    ESC_Output                               0x08000ed1   Thumb Code   364  ano_lx.o(.text)
    Bat_Voltage_Data_Handle                  0x0800103d   Thumb Code    28  ano_lx.o(.text)
    .text                                    0x0800114c   Section        0  lx_fc_ext_sensor.o(.text)
    General_Velocity_Data_Handle             0x0800119b   Thumb Code   120  lx_fc_ext_sensor.o(.text)
    .text                                    0x08001230   Section        0  lx_fc_fun.o(.text)
    .text                                    0x080014cc   Section        0  lx_fc_state.o(.text)
    LX_Unlock_Lock_Check                     0x080014cd   Thumb Code   438  lx_fc_state.o(.text)
    .text                                    0x08001750   Section        0  drv_bsp.o(.text)
    rcSignalCheck                            0x08001a53   Thumb Code   168  drv_bsp.o(.text)
    .text                                    0x08001c38   Section        0  ano_math.o(.text)
    .text                                    0x080024b4   Section        0  drv_anoof.o(.text)
    AnoOF_DataAnl                            0x08002569   Thumb Code   364  drv_anoof.o(.text)
    .text                                    0x080027f4   Section        0  drv_ubloxgps.o(.text)
    .text                                    0x08002b9c   Section        0  stm32f4xx_it.o(.text)
    .text                                    0x08002c18   Section        0  drv_sys.o(.text)
    .text                                    0x08002d20   Section        0  drv_adc.o(.text)
    initAdcDMA                               0x08002d21   Thumb Code   108  drv_adc.o(.text)
    .text                                    0x08002eb4   Section        0  drv_led.o(.text)
    .text                                    0x08002fd0   Section        0  drv_pwmout.o(.text)
    .text                                    0x0800334c   Section        0  drv_rcin.o(.text)
    .text                                    0x08003530   Section        0  drv_timer.o(.text)
    .text                                    0x080035bc   Section        0  drv_uart.o(.text)
    .text                                    0x0800400c   Section       36  startup_stm32f4xx.o(.text)
    $v0                                      0x0800400c   Number         0  startup_stm32f4xx.o(.text)
    .text                                    0x08004030   Section        0  system_stm32f4xx.o(.text)
    SetSysClock                              0x08004031   Thumb Code   220  system_stm32f4xx.o(.text)
    .text                                    0x08004240   Section        0  misc.o(.text)
    .text                                    0x08004400   Section        0  stm32f4xx_adc.o(.text)
    .text                                    0x080053dc   Section        0  stm32f4xx_dma.o(.text)
    .text                                    0x08006744   Section        0  stm32f4xx_exti.o(.text)
    .text                                    0x08006a18   Section        0  stm32f4xx_gpio.o(.text)
    .text                                    0x080072e0   Section        0  stm32f4xx_rcc.o(.text)
    .text                                    0x08007fdc   Section        0  stm32f4xx_tim.o(.text)
    TI4_Config                               0x08009c55   Thumb Code    80  stm32f4xx_tim.o(.text)
    TI3_Config                               0x08009d39   Thumb Code    72  stm32f4xx_tim.o(.text)
    TI2_Config                               0x08009df7   Thumb Code    80  stm32f4xx_tim.o(.text)
    TI1_Config                               0x08009ecd   Thumb Code    58  stm32f4xx_tim.o(.text)
    .text                                    0x0800b1c8   Section        0  stm32f4xx_usart.o(.text)
    .text                                    0x0800bfec   Section        0  my_protocol.o(.text)
    .text                                    0x0800c228   Section        0  dadd.o(.text)
    .text                                    0x0800c376   Section        0  dmul.o(.text)
    .text                                    0x0800c45a   Section        0  dflti.o(.text)
    .text                                    0x0800c47c   Section       48  cdcmple.o(.text)
    .text                                    0x0800c4ac   Section       48  cdrcmple.o(.text)
    .text                                    0x0800c4dc   Section        0  d2f.o(.text)
    .text                                    0x0800c514   Section        0  llshl.o(.text)
    .text                                    0x0800c532   Section        0  llsshr.o(.text)
    .text                                    0x0800c556   Section        0  iusefp.o(.text)
    .text                                    0x0800c556   Section        0  fepilogue.o(.text)
    .text                                    0x0800c5c4   Section        0  depilogue.o(.text)
    .text                                    0x0800c680   Section       36  init.o(.text)
    .text                                    0x0800c6a4   Section        0  llushr.o(.text)
    .text                                    0x0800c6c4   Section        0  __dczerorl2.o(.text)
    i.__scatterload_copy                     0x0800c71a   Section       14  handlers.o(i.__scatterload_copy)
    i.__scatterload_null                     0x0800c728   Section        2  handlers.o(i.__scatterload_null)
    i.__scatterload_zeroinit                 0x0800c72a   Section       14  handlers.o(i.__scatterload_zeroinit)
    .constdata                               0x0800c738   Section     1028  ano_math.o(.constdata)
    .conststring                             0x0800cb3c   Section       72  misc.o(.conststring)
    .conststring                             0x0800cb84   Section       81  stm32f4xx_adc.o(.conststring)
    .conststring                             0x0800cbd8   Section       81  stm32f4xx_dma.o(.conststring)
    .conststring                             0x0800cc2c   Section       82  stm32f4xx_exti.o(.conststring)
    .conststring                             0x0800cc80   Section       82  stm32f4xx_gpio.o(.conststring)
    .conststring                             0x0800ccd4   Section       81  stm32f4xx_rcc.o(.conststring)
    .conststring                             0x0800cd28   Section       81  stm32f4xx_tim.o(.conststring)
    .conststring                             0x0800cd7c   Section       83  stm32f4xx_usart.o(.conststring)
    .data                                    0x20000000   Section       84  ano_scheduler.o(.data)
    sched_tasks                              0x20000000   Data          84  ano_scheduler.o(.data)
    .data                                    0x20000054   Section        8  user_task.o(.data)
    one_key_takeoff_f                        0x20000055   Data           1  user_task.o(.data)
    one_key_land_f                           0x20000056   Data           1  user_task.o(.data)
    one_key_mission_f                        0x20000057   Data           1  user_task.o(.data)
    mission_step                             0x20000058   Data           1  user_task.o(.data)
    time_dly_cnt_ms                          0x2000005a   Data           2  user_task.o(.data)
    .data                                    0x2000005c   Section        6  ano_dt_lx.o(.data)
    DT_data_cnt                              0x2000005c   Data           1  ano_dt_lx.o(.data)
    repeat_cnt                               0x2000005d   Data           1  ano_dt_lx.o(.data)
    _data_len                                0x2000005e   Data           1  ano_dt_lx.o(.data)
    _data_cnt                                0x2000005f   Data           1  ano_dt_lx.o(.data)
    rxstate                                  0x20000060   Data           1  ano_dt_lx.o(.data)
    time_dly                                 0x20000061   Data           1  ano_dt_lx.o(.data)
    .data                                    0x20000062   Section       28  ano_lx.o(.data)
    mod_f                                    0x20000073   Data           3  ano_lx.o(.data)
    mod_f_time_cnt                           0x20000076   Data           2  ano_lx.o(.data)
    esc_calibrated                           0x20000078   Data           1  ano_lx.o(.data)
    tmp_cnt                                  0x2000007a   Data           4  ano_lx.o(.data)
    .data                                    0x2000007e   Section        4  lx_fc_ext_sensor.o(.data)
    of_update_cnt                            0x2000007e   Data           1  lx_fc_ext_sensor.o(.data)
    of_alt_update_cnt                        0x2000007f   Data           1  lx_fc_ext_sensor.o(.data)
    dT_ms                                    0x20000080   Data           1  lx_fc_ext_sensor.o(.data)
    of_alt_update_cnt                        0x20000081   Data           1  lx_fc_ext_sensor.o(.data)
    .data                                    0x20000082   Section        1  lx_fc_fun.o(.data)
    old_mode                                 0x20000082   Data           1  lx_fc_fun.o(.data)
    .data                                    0x20000084   Section        6  lx_fc_state.o(.data)
    time_dly_cnt_ms                          0x20000086   Data           2  lx_fc_state.o(.data)
    unlock_lock_flag                         0x20000088   Data           1  lx_fc_state.o(.data)
    cali_f                                   0x20000089   Data           1  lx_fc_state.o(.data)
    .data                                    0x2000008c   Section       19  drv_bsp.o(.data)
    ch_sta                                   0x2000008c   Data           1  drv_bsp.o(.data)
    sbus_time                                0x20000090   Data           8  drv_bsp.o(.data)
    cnt                                      0x20000098   Data           1  drv_bsp.o(.data)
    frame_cnt                                0x20000099   Data           1  drv_bsp.o(.data)
    cnt_tmp                                  0x2000009a   Data           1  drv_bsp.o(.data)
    time_dly                                 0x2000009c   Data           2  drv_bsp.o(.data)
    failsafe                                 0x2000009e   Data           1  drv_bsp.o(.data)
    .data                                    0x2000009f   Section        3  drv_anoof.o(.data)
    _data_len                                0x2000009f   Data           1  drv_anoof.o(.data)
    _data_cnt                                0x200000a0   Data           1  drv_anoof.o(.data)
    rxstate                                  0x200000a1   Data           1  drv_anoof.o(.data)
    .data                                    0x200000a2   Section      182  drv_ubloxgps.o(.data)
    protocol_class                           0x20000151   Data           1  drv_ubloxgps.o(.data)
    protocol_id                              0x20000152   Data           1  drv_ubloxgps.o(.data)
    protocol_length_t                        0x20000153   Data           1  drv_ubloxgps.o(.data)
    protocol_length                          0x20000154   Data           2  drv_ubloxgps.o(.data)
    state                                    0x20000157   Data           1  drv_ubloxgps.o(.data)
    .data                                    0x20000158   Section        8  drv_sys.o(.data)
    SysRunTimeMs                             0x20000158   Data           8  drv_sys.o(.data)
    .data                                    0x20000160   Section       12  drv_led.o(.data)
    led_cnt                                  0x20000164   Data           8  drv_led.o(.data)
    .data                                    0x2000016c   Section        4  drv_rcin.o(.data)
    temp_cnt                                 0x2000016c   Data           4  drv_rcin.o(.data)
    .data                                    0x20000170   Section       20  drv_uart.o(.data)
    .data                                    0x20000184   Section       20  system_stm32f4xx.o(.data)
    .data                                    0x20000198   Section       16  stm32f4xx_rcc.o(.data)
    APBAHBPrescTable                         0x20000198   Data          16  stm32f4xx_rcc.o(.data)
    .data                                    0x200001a8   Section       11  my_protocol.o(.data)
    state_1                                  0x200001b0   Data           1  my_protocol.o(.data)
    lidar_state                              0x200001b1   Data           1  my_protocol.o(.data)
    i                                        0x200001b2   Data           1  my_protocol.o(.data)
    .bss                                     0x200001b4   Section       58  ano_scheduler.o(.bss)
    .bss                                     0x200001f0   Section     1872  ano_dt_lx.o(.bss)
    DT_RxBuffer                              0x20000840   Data         256  ano_dt_lx.o(.bss)
    .bss                                     0x20000940   Section       56  ano_lx.o(.bss)
    pwm                                      0x20000968   Data          16  ano_lx.o(.bss)
    .bss                                     0x20000978   Section       48  lx_fc_ext_sensor.o(.bss)
    .bss                                     0x200009a8   Section       11  lx_fc_state.o(.bss)
    .bss                                     0x200009b4   Section      107  drv_bsp.o(.bss)
    datatmp                                  0x20000a06   Data          25  drv_bsp.o(.bss)
    .bss                                     0x20000a20   Section      124  drv_anoof.o(.bss)
    _datatemp                                0x20000a5c   Data          50  drv_anoof.o(.bss)
    check_time_ms                            0x20000a90   Data          12  drv_anoof.o(.bss)
    .bss                                     0x20000a9c   Section      100  drv_ubloxgps.o(.bss)
    .bss                                     0x20000b00   Section      100  drv_adc.o(.bss)
    .bss                                     0x20000b64   Section     1780  drv_uart.o(.bss)
    .bss                                     0x20001258   Section      512  my_protocol.o(.bss)
    STACK                                    0x20001458   Section     2048  startup_stm32f4xx.o(STACK)

    Global Symbols

    Symbol Name                              Value     Ov Type        Size  Object(Section)

    BuildAttributes$$THM_ISAv4$E$P$D$K$B$S$7EM$VFPi3$EXTD16$VFPS$VFMA$PE$A:L22UL41UL21$X:L11$S22US41US21$IEEE1$IW$USESV6$~STKCKD$USESV7$~SHL$OTIME$ROPI$EBA8$MICROLIB$REQ8$PRES8$EABIv2 0x00000000   Number         0  anon$$obj.o ABSOLUTE
    __ARM_use_no_argv                        0x00000000   Number         0  main.o ABSOLUTE
    __arm_fini_                               - Undefined Weak Reference
    __cpp_initialize__aeabi_                  - Undefined Weak Reference
    __cxa_finalize                            - Undefined Weak Reference
    _clock_init                               - Undefined Weak Reference
    _microlib_exit                            - Undefined Weak Reference
    __Vectors_Size                           0x00000188   Number         0  startup_stm32f4xx.o ABSOLUTE
    __Vectors                                0x08000000   Data           4  startup_stm32f4xx.o(RESET)
    __Vectors_End                            0x08000188   Data           0  startup_stm32f4xx.o(RESET)
    __main                                   0x08000189   Thumb Code     0  entry.o(.ARM.Collect$$$$00000000)
    _main_stk                                0x08000189   Thumb Code     0  entry2.o(.ARM.Collect$$$$00000001)
    _main_scatterload                        0x0800018d   Thumb Code     0  entry5.o(.ARM.Collect$$$$00000004)
    __main_after_scatterload                 0x08000191   Thumb Code     0  entry5.o(.ARM.Collect$$$$00000004)
    _main_clock                              0x08000191   Thumb Code     0  entry7b.o(.ARM.Collect$$$$00000008)
    _main_cpp_init                           0x08000191   Thumb Code     0  entry8b.o(.ARM.Collect$$$$0000000A)
    _main_init                               0x08000191   Thumb Code     0  entry9a.o(.ARM.Collect$$$$0000000B)
    __rt_lib_shutdown_fini                   0x08000199   Thumb Code     0  entry12b.o(.ARM.Collect$$$$0000000E)
    __rt_final_cpp                           0x0800019d   Thumb Code     0  entry10a.o(.ARM.Collect$$$$0000000F)
    __rt_final_exit                          0x0800019d   Thumb Code     0  entry11a.o(.ARM.Collect$$$$00000011)
    assert_failed                            0x080001a1   Thumb Code     4  main.o(.text)
    main                                     0x080001a5   Thumb Code    16  main.o(.text)
    Scheduler_Setup                          0x080001f7   Thumb Code    76  ano_scheduler.o(.text)
    Scheduler_Run                            0x08000243   Thumb Code    76  ano_scheduler.o(.text)
    tar_setdata                              0x080002a9   Thumb Code    30  user_task.o(.text)
    UserTask_OneKeyCmd                       0x080002c7   Thumb Code   534  user_task.o(.text)
    ANO_DT_Init                              0x08000505   Thumb Code   166  ano_dt_lx.o(.text)
    CK_Back                                  0x080005bb   Thumb Code    12  ano_dt_lx.o(.text)
    PAR_Back                                 0x080005c7   Thumb Code    14  ano_dt_lx.o(.text)
    ANO_DT_LX_Data_Receive_Prepare           0x080007bb   Thumb Code   258  ano_dt_lx.o(.text)
    CMD_Send                                 0x08000bc1   Thumb Code    22  ano_dt_lx.o(.text)
    ANO_LX_Data_Exchange_Task                0x08000bd7   Thumb Code    68  ano_dt_lx.o(.text)
    ANO_LX_Task                              0x08001059   Thumb Code   236  ano_lx.o(.text)
    LX_FC_EXT_Sensor_Task                    0x0800114d   Thumb Code    78  lx_fc_ext_sensor.o(.text)
    FC_Unlock                                0x08001231   Thumb Code    56  lx_fc_fun.o(.text)
    FC_Lock                                  0x08001269   Thumb Code    56  lx_fc_fun.o(.text)
    LX_Change_Mode                           0x080012a1   Thumb Code    80  lx_fc_fun.o(.text)
    OneKey_Return_Home                       0x080012f1   Thumb Code    50  lx_fc_fun.o(.text)
    OneKey_Takeoff                           0x08001323   Thumb Code    66  lx_fc_fun.o(.text)
    OneKey_Land                              0x08001365   Thumb Code    50  lx_fc_fun.o(.text)
    Horizontal_Move                          0x08001397   Thumb Code    98  lx_fc_fun.o(.text)
    Horizontal_Calibrate                     0x080013f9   Thumb Code    50  lx_fc_fun.o(.text)
    Mag_Calibrate                            0x0800142b   Thumb Code    50  lx_fc_fun.o(.text)
    ACC_Calibrate                            0x0800145d   Thumb Code    50  lx_fc_fun.o(.text)
    GYR_Calibrate                            0x0800148f   Thumb Code    50  lx_fc_fun.o(.text)
    LX_Cali_Trig_Check                       0x08001683   Thumb Code   150  lx_fc_state.o(.text)
    LX_FC_State_Task                         0x08001719   Thumb Code    26  lx_fc_state.o(.text)
    DrvRcInputInit                           0x08001751   Thumb Code    20  drv_bsp.o(.text)
    All_Init                                 0x08001765   Thumb Code    98  drv_bsp.o(.text)
    DrvPpmGetOneCh                           0x080017c7   Thumb Code    92  drv_bsp.o(.text)
    DrvSbusGetOneByte                        0x08001823   Thumb Code   560  drv_bsp.o(.text)
    DrvRcInputTask                           0x08001afb   Thumb Code   300  drv_bsp.o(.text)
    my_abs                                   0x08001c39   Thumb Code    26  ano_math.o(.text)
    fast_atan2                               0x08001c53   Thumb Code   350  ano_math.o(.text)
    my_atan                                  0x08001db1   Thumb Code    24  ano_math.o(.text)
    my_sqrt_reciprocal                       0x08001dc9   Thumb Code    76  ano_math.o(.text)
    my_sqrt                                  0x08001e15   Thumb Code    20  ano_math.o(.text)
    mx_sin                                   0x08001e29   Thumb Code   292  ano_math.o(.text)
    my_sin                                   0x08001f4d   Thumb Code   108  ano_math.o(.text)
    my_cos                                   0x08001fb9   Thumb Code   136  ano_math.o(.text)
    my_deadzone                              0x08002041   Thumb Code   152  ano_math.o(.text)
    my_deadzone_2                            0x080020d9   Thumb Code    48  ano_math.o(.text)
    my_HPF                                   0x08002109   Thumb Code   346  ano_math.o(.text)
    To_180_degrees_db                        0x08002263   Thumb Code   108  ano_math.o(.text)
    length_limit                             0x080022cf   Thumb Code   140  ano_math.o(.text)
    fifo                                     0x0800235b   Thumb Code    42  ano_math.o(.text)
    rot_vec_2                                0x08002385   Thumb Code    84  ano_math.o(.text)
    vec_2_cross_product                      0x080023d9   Thumb Code    26  ano_math.o(.text)
    vec_2_dot_product                        0x080023f3   Thumb Code    26  ano_math.o(.text)
    vec_3_cross_product_err_sinx             0x0800240d   Thumb Code    86  ano_math.o(.text)
    vec_3_dot_product                        0x08002463   Thumb Code    38  ano_math.o(.text)
    AnoOF_Check_State                        0x080024b5   Thumb Code   180  drv_anoof.o(.text)
    AnoOF_GetOneByte                         0x080026d5   Thumb Code   252  drv_anoof.o(.text)
    GPS_Data_Prepare_Task                    0x080027f5   Thumb Code   306  drv_ubloxgps.o(.text)
    GPS_Rate_H                               0x08002927   Thumb Code    12  drv_ubloxgps.o(.text)
    GPS_Rate_L                               0x08002933   Thumb Code    12  drv_ubloxgps.o(.text)
    Init_GPS                                 0x0800293f   Thumb Code   196  drv_ubloxgps.o(.text)
    UBLOX_M8_GPS_Data_Receive                0x08002a03   Thumb Code   328  drv_ubloxgps.o(.text)
    NMI_Handler                              0x08002b9d   Thumb Code     2  stm32f4xx_it.o(.text)
    MemManage_Handler                        0x08002b9f   Thumb Code     4  stm32f4xx_it.o(.text)
    BusFault_Handler                         0x08002ba3   Thumb Code     4  stm32f4xx_it.o(.text)
    UsageFault_Handler                       0x08002ba7   Thumb Code     4  stm32f4xx_it.o(.text)
    SVC_Handler                              0x08002bab   Thumb Code     2  stm32f4xx_it.o(.text)
    DebugMon_Handler                         0x08002bad   Thumb Code     2  stm32f4xx_it.o(.text)
    EXTI9_5_IRQHandler                       0x08002baf   Thumb Code    18  stm32f4xx_it.o(.text)
    TIM3_IRQHandler                          0x08002bc1   Thumb Code     8  stm32f4xx_it.o(.text)
    TIM4_IRQHandler                          0x08002bc9   Thumb Code     2  stm32f4xx_it.o(.text)
    TIM7_IRQHandler                          0x08002bcb   Thumb Code    26  stm32f4xx_it.o(.text)
    USART1_IRQHandler                        0x08002be5   Thumb Code     8  stm32f4xx_it.o(.text)
    USART2_IRQHandler                        0x08002bed   Thumb Code     8  stm32f4xx_it.o(.text)
    USART3_IRQHandler                        0x08002bf5   Thumb Code     8  stm32f4xx_it.o(.text)
    UART4_IRQHandler                         0x08002bfd   Thumb Code     8  stm32f4xx_it.o(.text)
    UART5_IRQHandler                         0x08002c05   Thumb Code     8  stm32f4xx_it.o(.text)
    USART6_IRQHandler                        0x08002c0d   Thumb Code     8  stm32f4xx_it.o(.text)
    SysTick_Init                             0x08002c19   Thumb Code   100  drv_sys.o(.text)
    SysTick_Handler                          0x08002c7d   Thumb Code    20  drv_sys.o(.text)
    GetSysRunTimeMs                          0x08002c91   Thumb Code     6  drv_sys.o(.text)
    GetSysRunTimeUs                          0x08002c97   Thumb Code    62  drv_sys.o(.text)
    MyDelayUs                                0x08002cd5   Thumb Code    24  drv_sys.o(.text)
    MyDelayMs                                0x08002ced   Thumb Code    24  drv_sys.o(.text)
    DrvSysInit                               0x08002d05   Thumb Code    16  drv_sys.o(.text)
    DrvAdcInit                               0x08002d8d   Thumb Code   168  drv_adc.o(.text)
    Drv_AdcGetBatVot                         0x08002e35   Thumb Code    92  drv_adc.o(.text)
    DvrLedInit                               0x08002eb5   Thumb Code   112  drv_led.o(.text)
    LED_On_Off                               0x08002f25   Thumb Code    82  drv_led.o(.text)
    LED_1ms_DRV                              0x08002f77   Thumb Code    78  drv_led.o(.text)
    DrvPwmOutInit                            0x08002fd1   Thumb Code   742  drv_pwmout.o(.text)
    DrvMotorPWMSet                           0x080032b7   Thumb Code   112  drv_pwmout.o(.text)
    DrvRcPpmInit                             0x0800334d   Thumb Code   176  drv_rcin.o(.text)
    PPM_IRQH                                 0x080033fd   Thumb Code    82  drv_rcin.o(.text)
    DrvRcSbusInit                            0x0800344f   Thumb Code   166  drv_rcin.o(.text)
    Sbus_IRQH                                0x080034f5   Thumb Code    40  drv_rcin.o(.text)
    TIM_CONF                                 0x08003531   Thumb Code    80  drv_timer.o(.text)
    TIM_NVIC                                 0x08003581   Thumb Code    32  drv_timer.o(.text)
    DrvTimerFcInit                           0x080035a1   Thumb Code    24  drv_timer.o(.text)
    NoUse                                    0x080035bd   Thumb Code     2  drv_uart.o(.text)
    DrvUart1Init                             0x080035bf   Thumb Code   246  drv_uart.o(.text)
    DrvUart1SendBuf                          0x080036b5   Thumb Code    60  drv_uart.o(.text)
    drvU1GetByte                             0x080036f1   Thumb Code    32  drv_uart.o(.text)
    drvU1DataCheck                           0x08003711   Thumb Code    52  drv_uart.o(.text)
    Usart1_IRQ                               0x08003745   Thumb Code   110  drv_uart.o(.text)
    DrvUart2Init                             0x080037b3   Thumb Code   234  drv_uart.o(.text)
    DrvUart2SendBuf                          0x0800389d   Thumb Code    62  drv_uart.o(.text)
    drvU2GetByte                             0x080038db   Thumb Code    32  drv_uart.o(.text)
    drvU2DataCheck                           0x080038fb   Thumb Code    52  drv_uart.o(.text)
    Usart2_IRQ                               0x0800392f   Thumb Code   120  drv_uart.o(.text)
    DrvUart3Init                             0x080039a7   Thumb Code   312  drv_uart.o(.text)
    DrvUart3SendBuf                          0x08003adf   Thumb Code    62  drv_uart.o(.text)
    drvU3GetByte                             0x08003b1d   Thumb Code    32  drv_uart.o(.text)
    drvU3DataCheck                           0x08003b3d   Thumb Code    52  drv_uart.o(.text)
    Usart3_IRQ                               0x08003b71   Thumb Code   120  drv_uart.o(.text)
    DrvUart4Init                             0x08003be9   Thumb Code   200  drv_uart.o(.text)
    DrvUart4SendBuf                          0x08003cb1   Thumb Code    62  drv_uart.o(.text)
    drvU4GetByte                             0x08003cef   Thumb Code    32  drv_uart.o(.text)
    drvU4DataCheck                           0x08003d0f   Thumb Code    52  drv_uart.o(.text)
    Uart4_IRQ                                0x08003d43   Thumb Code   120  drv_uart.o(.text)
    DrvUart5Init                             0x08003dbb   Thumb Code   288  drv_uart.o(.text)
    DrvUart5SendBuf                          0x08003edb   Thumb Code    60  drv_uart.o(.text)
    drvU5GetByte                             0x08003f17   Thumb Code    32  drv_uart.o(.text)
    drvU5DataCheck                           0x08003f37   Thumb Code    52  drv_uart.o(.text)
    Uart5_IRQ                                0x08003f6b   Thumb Code   110  drv_uart.o(.text)
    DrvUartDataCheck                         0x08003fd9   Thumb Code    24  drv_uart.o(.text)
    Reset_Handler                            0x0800400d   Thumb Code     8  startup_stm32f4xx.o(.text)
    HardFault_Handler                        0x08004017   Thumb Code     2  startup_stm32f4xx.o(.text)
    PendSV_Handler                           0x08004023   Thumb Code     2  startup_stm32f4xx.o(.text)
    ADC_IRQHandler                           0x08004027   Thumb Code     0  startup_stm32f4xx.o(.text)
    CAN1_RX0_IRQHandler                      0x08004027   Thumb Code     0  startup_stm32f4xx.o(.text)
    CAN1_RX1_IRQHandler                      0x08004027   Thumb Code     0  startup_stm32f4xx.o(.text)
    CAN1_SCE_IRQHandler                      0x08004027   Thumb Code     0  startup_stm32f4xx.o(.text)
    CAN1_TX_IRQHandler                       0x08004027   Thumb Code     0  startup_stm32f4xx.o(.text)
    CAN2_RX0_IRQHandler                      0x08004027   Thumb Code     0  startup_stm32f4xx.o(.text)
    CAN2_RX1_IRQHandler                      0x08004027   Thumb Code     0  startup_stm32f4xx.o(.text)
    CAN2_SCE_IRQHandler                      0x08004027   Thumb Code     0  startup_stm32f4xx.o(.text)
    CAN2_TX_IRQHandler                       0x08004027   Thumb Code     0  startup_stm32f4xx.o(.text)
    CRYP_IRQHandler                          0x08004027   Thumb Code     0  startup_stm32f4xx.o(.text)
    DCMI_IRQHandler                          0x08004027   Thumb Code     0  startup_stm32f4xx.o(.text)
    DMA1_Stream0_IRQHandler                  0x08004027   Thumb Code     0  startup_stm32f4xx.o(.text)
    DMA1_Stream1_IRQHandler                  0x08004027   Thumb Code     0  startup_stm32f4xx.o(.text)
    DMA1_Stream2_IRQHandler                  0x08004027   Thumb Code     0  startup_stm32f4xx.o(.text)
    DMA1_Stream3_IRQHandler                  0x08004027   Thumb Code     0  startup_stm32f4xx.o(.text)
    DMA1_Stream4_IRQHandler                  0x08004027   Thumb Code     0  startup_stm32f4xx.o(.text)
    DMA1_Stream5_IRQHandler                  0x08004027   Thumb Code     0  startup_stm32f4xx.o(.text)
    DMA1_Stream6_IRQHandler                  0x08004027   Thumb Code     0  startup_stm32f4xx.o(.text)
    DMA1_Stream7_IRQHandler                  0x08004027   Thumb Code     0  startup_stm32f4xx.o(.text)
    DMA2_Stream0_IRQHandler                  0x08004027   Thumb Code     0  startup_stm32f4xx.o(.text)
    DMA2_Stream1_IRQHandler                  0x08004027   Thumb Code     0  startup_stm32f4xx.o(.text)
    DMA2_Stream2_IRQHandler                  0x08004027   Thumb Code     0  startup_stm32f4xx.o(.text)
    DMA2_Stream3_IRQHandler                  0x08004027   Thumb Code     0  startup_stm32f4xx.o(.text)
    DMA2_Stream4_IRQHandler                  0x08004027   Thumb Code     0  startup_stm32f4xx.o(.text)
    DMA2_Stream5_IRQHandler                  0x08004027   Thumb Code     0  startup_stm32f4xx.o(.text)
    DMA2_Stream6_IRQHandler                  0x08004027   Thumb Code     0  startup_stm32f4xx.o(.text)
    DMA2_Stream7_IRQHandler                  0x08004027   Thumb Code     0  startup_stm32f4xx.o(.text)
    ETH_IRQHandler                           0x08004027   Thumb Code     0  startup_stm32f4xx.o(.text)
    ETH_WKUP_IRQHandler                      0x08004027   Thumb Code     0  startup_stm32f4xx.o(.text)
    EXTI0_IRQHandler                         0x08004027   Thumb Code     0  startup_stm32f4xx.o(.text)
    EXTI15_10_IRQHandler                     0x08004027   Thumb Code     0  startup_stm32f4xx.o(.text)
    EXTI1_IRQHandler                         0x08004027   Thumb Code     0  startup_stm32f4xx.o(.text)
    EXTI2_IRQHandler                         0x08004027   Thumb Code     0  startup_stm32f4xx.o(.text)
    EXTI3_IRQHandler                         0x08004027   Thumb Code     0  startup_stm32f4xx.o(.text)
    EXTI4_IRQHandler                         0x08004027   Thumb Code     0  startup_stm32f4xx.o(.text)
    FLASH_IRQHandler                         0x08004027   Thumb Code     0  startup_stm32f4xx.o(.text)
    FPU_IRQHandler                           0x08004027   Thumb Code     0  startup_stm32f4xx.o(.text)
    FSMC_IRQHandler                          0x08004027   Thumb Code     0  startup_stm32f4xx.o(.text)
    HASH_RNG_IRQHandler                      0x08004027   Thumb Code     0  startup_stm32f4xx.o(.text)
    I2C1_ER_IRQHandler                       0x08004027   Thumb Code     0  startup_stm32f4xx.o(.text)
    I2C1_EV_IRQHandler                       0x08004027   Thumb Code     0  startup_stm32f4xx.o(.text)
    I2C2_ER_IRQHandler                       0x08004027   Thumb Code     0  startup_stm32f4xx.o(.text)
    I2C2_EV_IRQHandler                       0x08004027   Thumb Code     0  startup_stm32f4xx.o(.text)
    I2C3_ER_IRQHandler                       0x08004027   Thumb Code     0  startup_stm32f4xx.o(.text)
    I2C3_EV_IRQHandler                       0x08004027   Thumb Code     0  startup_stm32f4xx.o(.text)
    OTG_FS_IRQHandler                        0x08004027   Thumb Code     0  startup_stm32f4xx.o(.text)
    OTG_FS_WKUP_IRQHandler                   0x08004027   Thumb Code     0  startup_stm32f4xx.o(.text)
    OTG_HS_EP1_IN_IRQHandler                 0x08004027   Thumb Code     0  startup_stm32f4xx.o(.text)
    OTG_HS_EP1_OUT_IRQHandler                0x08004027   Thumb Code     0  startup_stm32f4xx.o(.text)
    OTG_HS_IRQHandler                        0x08004027   Thumb Code     0  startup_stm32f4xx.o(.text)
    OTG_HS_WKUP_IRQHandler                   0x08004027   Thumb Code     0  startup_stm32f4xx.o(.text)
    PVD_IRQHandler                           0x08004027   Thumb Code     0  startup_stm32f4xx.o(.text)
    RCC_IRQHandler                           0x08004027   Thumb Code     0  startup_stm32f4xx.o(.text)
    RTC_Alarm_IRQHandler                     0x08004027   Thumb Code     0  startup_stm32f4xx.o(.text)
    RTC_WKUP_IRQHandler                      0x08004027   Thumb Code     0  startup_stm32f4xx.o(.text)
    SDIO_IRQHandler                          0x08004027   Thumb Code     0  startup_stm32f4xx.o(.text)
    SPI1_IRQHandler                          0x08004027   Thumb Code     0  startup_stm32f4xx.o(.text)
    SPI2_IRQHandler                          0x08004027   Thumb Code     0  startup_stm32f4xx.o(.text)
    SPI3_IRQHandler                          0x08004027   Thumb Code     0  startup_stm32f4xx.o(.text)
    TAMP_STAMP_IRQHandler                    0x08004027   Thumb Code     0  startup_stm32f4xx.o(.text)
    TIM1_BRK_TIM9_IRQHandler                 0x08004027   Thumb Code     0  startup_stm32f4xx.o(.text)
    TIM1_CC_IRQHandler                       0x08004027   Thumb Code     0  startup_stm32f4xx.o(.text)
    TIM1_TRG_COM_TIM11_IRQHandler            0x08004027   Thumb Code     0  startup_stm32f4xx.o(.text)
    TIM1_UP_TIM10_IRQHandler                 0x08004027   Thumb Code     0  startup_stm32f4xx.o(.text)
    TIM2_IRQHandler                          0x08004027   Thumb Code     0  startup_stm32f4xx.o(.text)
    TIM5_IRQHandler                          0x08004027   Thumb Code     0  startup_stm32f4xx.o(.text)
    TIM6_DAC_IRQHandler                      0x08004027   Thumb Code     0  startup_stm32f4xx.o(.text)
    TIM8_BRK_TIM12_IRQHandler                0x08004027   Thumb Code     0  startup_stm32f4xx.o(.text)
    TIM8_CC_IRQHandler                       0x08004027   Thumb Code     0  startup_stm32f4xx.o(.text)
    TIM8_TRG_COM_TIM14_IRQHandler            0x08004027   Thumb Code     0  startup_stm32f4xx.o(.text)
    TIM8_UP_TIM13_IRQHandler                 0x08004027   Thumb Code     0  startup_stm32f4xx.o(.text)
    WWDG_IRQHandler                          0x08004027   Thumb Code     0  startup_stm32f4xx.o(.text)
    SystemInit                               0x0800410d   Thumb Code    88  system_stm32f4xx.o(.text)
    SystemCoreClockUpdate                    0x08004165   Thumb Code   174  system_stm32f4xx.o(.text)
    NVIC_PriorityGroupConfig                 0x08004241   Thumb Code    54  misc.o(.text)
    NVIC_Init                                0x08004277   Thumb Code   164  misc.o(.text)
    NVIC_SetVectorTable                      0x0800431b   Thumb Code    60  misc.o(.text)
    NVIC_SystemLPConfig                      0x08004357   Thumb Code    78  misc.o(.text)
    SysTick_CLKSourceConfig                  0x080043a5   Thumb Code    62  misc.o(.text)
    ADC_DeInit                               0x08004401   Thumb Code    22  stm32f4xx_adc.o(.text)
    ADC_Init                                 0x08004417   Thumb Code   402  stm32f4xx_adc.o(.text)
    ADC_StructInit                           0x080045a9   Thumb Code    20  stm32f4xx_adc.o(.text)
    ADC_CommonInit                           0x080045bd   Thumb Code   342  stm32f4xx_adc.o(.text)
    ADC_CommonStructInit                     0x08004713   Thumb Code    12  stm32f4xx_adc.o(.text)
    ADC_Cmd                                  0x0800471f   Thumb Code    76  stm32f4xx_adc.o(.text)
    ADC_AnalogWatchdogCmd                    0x0800476b   Thumb Code   102  stm32f4xx_adc.o(.text)
    ADC_AnalogWatchdogThresholdsConfig       0x080047d1   Thumb Code   126  stm32f4xx_adc.o(.text)
    ADC_AnalogWatchdogSingleChannelConfig    0x0800484f   Thumb Code   136  stm32f4xx_adc.o(.text)
    ADC_TempSensorVrefintCmd                 0x080048d7   Thumb Code    56  stm32f4xx_adc.o(.text)
    ADC_VBATCmd                              0x0800490f   Thumb Code    56  stm32f4xx_adc.o(.text)
    ADC_RegularChannelConfig                 0x08004947   Thumb Code   408  stm32f4xx_adc.o(.text)
    ADC_SoftwareStartConv                    0x08004adf   Thumb Code    44  stm32f4xx_adc.o(.text)
    ADC_GetSoftwareStartConvStatus           0x08004b0b   Thumb Code    54  stm32f4xx_adc.o(.text)
    ADC_EOCOnEachRegularChannelCmd           0x08004b41   Thumb Code    76  stm32f4xx_adc.o(.text)
    ADC_ContinuousModeCmd                    0x08004b8d   Thumb Code    76  stm32f4xx_adc.o(.text)
    ADC_DiscModeChannelCountConfig           0x08004bd9   Thumb Code   100  stm32f4xx_adc.o(.text)
    ADC_DiscModeCmd                          0x08004c3d   Thumb Code    76  stm32f4xx_adc.o(.text)
    ADC_GetConversionValue                   0x08004c89   Thumb Code    40  stm32f4xx_adc.o(.text)
    ADC_GetMultiModeConversionValue          0x08004cb1   Thumb Code     6  stm32f4xx_adc.o(.text)
    ADC_DMACmd                               0x08004cb7   Thumb Code    76  stm32f4xx_adc.o(.text)
    ADC_DMARequestAfterLastTransferCmd       0x08004d03   Thumb Code    76  stm32f4xx_adc.o(.text)
    ADC_MultiModeDMARequestAfterLastTransferCmd 0x08004d4f   Thumb Code    60  stm32f4xx_adc.o(.text)
    ADC_InjectedChannelConfig                0x08004d8b   Thumb Code   332  stm32f4xx_adc.o(.text)
    ADC_InjectedSequencerLengthConfig        0x08004ed7   Thumb Code    80  stm32f4xx_adc.o(.text)
    ADC_SetInjectedOffset                    0x08004f27   Thumb Code   102  stm32f4xx_adc.o(.text)
    ADC_ExternalTrigInjectedConvConfig       0x08004f8d   Thumb Code   176  stm32f4xx_adc.o(.text)
    ADC_ExternalTrigInjectedConvEdgeConfig   0x0800503d   Thumb Code    82  stm32f4xx_adc.o(.text)
    ADC_SoftwareStartInjectedConv            0x0800508f   Thumb Code    44  stm32f4xx_adc.o(.text)
    ADC_GetSoftwareStartInjectedConvCmdStatus 0x080050bb   Thumb Code    54  stm32f4xx_adc.o(.text)
    ADC_AutoInjectedConvCmd                  0x080050f1   Thumb Code    76  stm32f4xx_adc.o(.text)
    ADC_InjectedDiscModeCmd                  0x0800513d   Thumb Code    76  stm32f4xx_adc.o(.text)
    ADC_GetInjectedConversionValue           0x08005189   Thumb Code    88  stm32f4xx_adc.o(.text)
    ADC_ITConfig                             0x080051e1   Thumb Code   130  stm32f4xx_adc.o(.text)
    ADC_GetFlagStatus                        0x08005263   Thumb Code    90  stm32f4xx_adc.o(.text)
    ADC_ClearFlag                            0x080052bd   Thumb Code    62  stm32f4xx_adc.o(.text)
    ADC_GetITStatus                          0x080052fb   Thumb Code   122  stm32f4xx_adc.o(.text)
    ADC_ClearITPendingBit                    0x08005375   Thumb Code    88  stm32f4xx_adc.o(.text)
    DMA_DeInit                               0x080053dd   Thumb Code   462  stm32f4xx_dma.o(.text)
    DMA_Init                                 0x080055ab   Thumb Code   684  stm32f4xx_dma.o(.text)
    DMA_StructInit                           0x08005857   Thumb Code    34  stm32f4xx_dma.o(.text)
    DMA_Cmd                                  0x08005879   Thumb Code   182  stm32f4xx_dma.o(.text)
    DMA_PeriphIncOffsetSizeConfig            0x0800592f   Thumb Code   184  stm32f4xx_dma.o(.text)
    DMA_FlowControllerConfig                 0x080059e7   Thumb Code   182  stm32f4xx_dma.o(.text)
    DMA_SetCurrDataCounter                   0x08005a9d   Thumb Code   146  stm32f4xx_dma.o(.text)
    DMA_GetCurrDataCounter                   0x08005b2f   Thumb Code   146  stm32f4xx_dma.o(.text)
    DMA_DoubleBufferModeConfig               0x08005bc1   Thumb Code   204  stm32f4xx_dma.o(.text)
    DMA_DoubleBufferModeCmd                  0x08005c8d   Thumb Code   182  stm32f4xx_dma.o(.text)
    DMA_MemoryTargetConfig                   0x08005d43   Thumb Code   174  stm32f4xx_dma.o(.text)
    DMA_GetCurrentMemoryTarget               0x08005df1   Thumb Code   160  stm32f4xx_dma.o(.text)
    DMA_GetCmdStatus                         0x08005e91   Thumb Code   160  stm32f4xx_dma.o(.text)
    DMA_GetFIFOStatus                        0x08005f31   Thumb Code   152  stm32f4xx_dma.o(.text)
    DMA_GetFlagStatus                        0x08005fc9   Thumb Code   486  stm32f4xx_dma.o(.text)
    DMA_ClearFlag                            0x080061af   Thumb Code   216  stm32f4xx_dma.o(.text)
    DMA_ITConfig                             0x08006287   Thumb Code   238  stm32f4xx_dma.o(.text)
    DMA_GetITStatus                          0x08006375   Thumb Code   590  stm32f4xx_dma.o(.text)
    DMA_ClearITPendingBit                    0x080065c3   Thumb Code   216  stm32f4xx_dma.o(.text)
    EXTI_DeInit                              0x08006745   Thumb Code    28  stm32f4xx_exti.o(.text)
    EXTI_Init                                0x08006761   Thumb Code   236  stm32f4xx_exti.o(.text)
    EXTI_StructInit                          0x0800684d   Thumb Code    16  stm32f4xx_exti.o(.text)
    EXTI_GenerateSWInterrupt                 0x0800685d   Thumb Code    38  stm32f4xx_exti.o(.text)
    EXTI_GetFlagStatus                       0x08006883   Thumb Code   158  stm32f4xx_exti.o(.text)
    EXTI_ClearFlag                           0x08006921   Thumb Code    30  stm32f4xx_exti.o(.text)
    EXTI_GetITStatus                         0x0800693f   Thumb Code   172  stm32f4xx_exti.o(.text)
    EXTI_ClearITPendingBit                   0x080069eb   Thumb Code    32  stm32f4xx_exti.o(.text)
    GPIO_DeInit                              0x08006a19   Thumb Code   284  stm32f4xx_gpio.o(.text)
    GPIO_Init                                0x08006b35   Thumb Code   342  stm32f4xx_gpio.o(.text)
    GPIO_StructInit                          0x08006c8b   Thumb Code    18  stm32f4xx_gpio.o(.text)
    GPIO_PinLockConfig                       0x08006c9d   Thumb Code   122  stm32f4xx_gpio.o(.text)
    GPIO_ReadInputDataBit                    0x08006d17   Thumb Code   182  stm32f4xx_gpio.o(.text)
    GPIO_ReadInputData                       0x08006dcd   Thumb Code   116  stm32f4xx_gpio.o(.text)
    GPIO_ReadOutputDataBit                   0x08006e41   Thumb Code   182  stm32f4xx_gpio.o(.text)
    GPIO_ReadOutputData                      0x08006ef7   Thumb Code    76  stm32f4xx_gpio.o(.text)
    GPIO_SetBits                             0x08006f43   Thumb Code    94  stm32f4xx_gpio.o(.text)
    GPIO_ResetBits                           0x08006fa1   Thumb Code    94  stm32f4xx_gpio.o(.text)
    GPIO_WriteBit                            0x08006fff   Thumb Code   194  stm32f4xx_gpio.o(.text)
    GPIO_Write                               0x080070c1   Thumb Code    76  stm32f4xx_gpio.o(.text)
    GPIO_ToggleBits                          0x0800710d   Thumb Code    80  stm32f4xx_gpio.o(.text)
    GPIO_PinAFConfig                         0x0800715d   Thumb Code   382  stm32f4xx_gpio.o(.text)
    RCC_DeInit                               0x080072e1   Thumb Code    60  stm32f4xx_rcc.o(.text)
    RCC_HSEConfig                            0x0800731d   Thumb Code    38  stm32f4xx_rcc.o(.text)
    RCC_GetFlagStatus                        0x08007343   Thumb Code   130  stm32f4xx_rcc.o(.text)
    RCC_WaitForHSEStartUp                    0x080073c5   Thumb Code    56  stm32f4xx_rcc.o(.text)
    RCC_AdjustHSICalibrationValue            0x080073fd   Thumb Code    38  stm32f4xx_rcc.o(.text)
    RCC_HSICmd                               0x08007423   Thumb Code    28  stm32f4xx_rcc.o(.text)
    RCC_LSEConfig                            0x0800743f   Thumb Code    72  stm32f4xx_rcc.o(.text)
    RCC_LSICmd                               0x08007487   Thumb Code    28  stm32f4xx_rcc.o(.text)
    RCC_PLLConfig                            0x080074a3   Thumb Code   156  stm32f4xx_rcc.o(.text)
    RCC_PLLCmd                               0x0800753f   Thumb Code    28  stm32f4xx_rcc.o(.text)
    RCC_PLLI2SConfig                         0x0800755b   Thumb Code    62  stm32f4xx_rcc.o(.text)
    RCC_PLLI2SCmd                            0x08007599   Thumb Code    28  stm32f4xx_rcc.o(.text)
    RCC_ClockSecuritySystemCmd               0x080075b5   Thumb Code    28  stm32f4xx_rcc.o(.text)
    RCC_MCO1Config                           0x080075d1   Thumb Code   102  stm32f4xx_rcc.o(.text)
    RCC_MCO2Config                           0x08007637   Thumb Code   102  stm32f4xx_rcc.o(.text)
    RCC_SYSCLKConfig                         0x0800769d   Thumb Code    68  stm32f4xx_rcc.o(.text)
    RCC_GetSYSCLKSource                      0x080076e1   Thumb Code    10  stm32f4xx_rcc.o(.text)
    RCC_HCLKConfig                           0x080076eb   Thumb Code    66  stm32f4xx_rcc.o(.text)
    RCC_PCLK1Config                          0x0800772d   Thumb Code    58  stm32f4xx_rcc.o(.text)
    RCC_PCLK2Config                          0x08007767   Thumb Code    60  stm32f4xx_rcc.o(.text)
    RCC_GetClocksFreq                        0x080077a3   Thumb Code   214  stm32f4xx_rcc.o(.text)
    RCC_RTCCLKConfig                         0x08007879   Thumb Code   260  stm32f4xx_rcc.o(.text)
    RCC_RTCCLKCmd                            0x0800797d   Thumb Code    28  stm32f4xx_rcc.o(.text)
    RCC_BackupResetCmd                       0x08007999   Thumb Code    30  stm32f4xx_rcc.o(.text)
    RCC_I2SCLKConfig                         0x080079b7   Thumb Code    28  stm32f4xx_rcc.o(.text)
    RCC_AHB1PeriphClockCmd                   0x080079d3   Thumb Code    78  stm32f4xx_rcc.o(.text)
    RCC_AHB2PeriphClockCmd                   0x08007a21   Thumb Code    78  stm32f4xx_rcc.o(.text)
    RCC_AHB3PeriphClockCmd                   0x08007a6f   Thumb Code   234  stm32f4xx_rcc.o(.text)
    RCC_APB1PeriphClockCmd                   0x08007b59   Thumb Code    70  stm32f4xx_rcc.o(.text)
    RCC_APB2PeriphClockCmd                   0x08007b9f   Thumb Code    78  stm32f4xx_rcc.o(.text)
    RCC_AHB1PeriphResetCmd                   0x08007bed   Thumb Code    78  stm32f4xx_rcc.o(.text)
    RCC_AHB2PeriphResetCmd                   0x08007c3b   Thumb Code    78  stm32f4xx_rcc.o(.text)
    RCC_AHB3PeriphResetCmd                   0x08007c89   Thumb Code    78  stm32f4xx_rcc.o(.text)
    RCC_APB1PeriphResetCmd                   0x08007cd7   Thumb Code    78  stm32f4xx_rcc.o(.text)
    RCC_APB2PeriphResetCmd                   0x08007d25   Thumb Code    78  stm32f4xx_rcc.o(.text)
    RCC_AHB1PeriphClockLPModeCmd             0x08007d73   Thumb Code    78  stm32f4xx_rcc.o(.text)
    RCC_AHB2PeriphClockLPModeCmd             0x08007dc1   Thumb Code    78  stm32f4xx_rcc.o(.text)
    RCC_AHB3PeriphClockLPModeCmd             0x08007e0f   Thumb Code    78  stm32f4xx_rcc.o(.text)
    RCC_APB1PeriphClockLPModeCmd             0x08007e5d   Thumb Code    78  stm32f4xx_rcc.o(.text)
    RCC_APB2PeriphClockLPModeCmd             0x08007eab   Thumb Code    78  stm32f4xx_rcc.o(.text)
    RCC_ITConfig                             0x08007ef9   Thumb Code   108  stm32f4xx_rcc.o(.text)
    RCC_ClearFlag                            0x08007f65   Thumb Code    14  stm32f4xx_rcc.o(.text)
    RCC_GetITStatus                          0x08007f73   Thumb Code    66  stm32f4xx_rcc.o(.text)
    RCC_ClearITPendingBit                    0x08007fb5   Thumb Code    32  stm32f4xx_rcc.o(.text)
    TIM_DeInit                               0x08007fdd   Thumb Code   440  stm32f4xx_tim.o(.text)
    TIM_TimeBaseInit                         0x08008195   Thumb Code   278  stm32f4xx_tim.o(.text)
    TIM_TimeBaseStructInit                   0x080082ab   Thumb Code    18  stm32f4xx_tim.o(.text)
    TIM_PrescalerConfig                      0x080082bd   Thumb Code   128  stm32f4xx_tim.o(.text)
    TIM_CounterModeConfig                    0x0800833d   Thumb Code   100  stm32f4xx_tim.o(.text)
    TIM_SetCounter                           0x080083a1   Thumb Code   164  stm32f4xx_tim.o(.text)
    TIM_SetAutoreload                        0x08008445   Thumb Code   106  stm32f4xx_tim.o(.text)
    TIM_GetCounter                           0x080084af   Thumb Code   104  stm32f4xx_tim.o(.text)
    TIM_GetPrescaler                         0x08008517   Thumb Code   104  stm32f4xx_tim.o(.text)
    TIM_UpdateDisableConfig                  0x0800857f   Thumb Code   144  stm32f4xx_tim.o(.text)
    TIM_UpdateRequestConfig                  0x0800860f   Thumb Code   144  stm32f4xx_tim.o(.text)
    TIM_ARRPreloadConfig                     0x0800869f   Thumb Code   144  stm32f4xx_tim.o(.text)
    TIM_SelectOnePulseMode                   0x0800872f   Thumb Code   138  stm32f4xx_tim.o(.text)
    TIM_SetClockDivision                     0x080087b9   Thumb Code   190  stm32f4xx_tim.o(.text)
    TIM_Cmd                                  0x08008877   Thumb Code   144  stm32f4xx_tim.o(.text)
    TIM_OC1Init                              0x08008907   Thumb Code   400  stm32f4xx_tim.o(.text)
    TIM_OC2Init                              0x08008a97   Thumb Code   474  stm32f4xx_tim.o(.text)
    TIM_OC3Init                              0x08008c71   Thumb Code   400  stm32f4xx_tim.o(.text)
    TIM_OC4Init                              0x08008e01   Thumb Code   290  stm32f4xx_tim.o(.text)
    TIM_OCStructInit                         0x08008f23   Thumb Code    20  stm32f4xx_tim.o(.text)
    TIM_SelectOCxM                           0x08008f37   Thumb Code   250  stm32f4xx_tim.o(.text)
    TIM_SetCompare1                          0x08009031   Thumb Code   144  stm32f4xx_tim.o(.text)
    TIM_SetCompare2                          0x080090c1   Thumb Code    70  stm32f4xx_tim.o(.text)
    TIM_SetCompare3                          0x08009107   Thumb Code    58  stm32f4xx_tim.o(.text)
    TIM_SetCompare4                          0x08009141   Thumb Code    58  stm32f4xx_tim.o(.text)
    TIM_ForcedOC1Config                      0x0800917b   Thumb Code   126  stm32f4xx_tim.o(.text)
    TIM_ForcedOC2Config                      0x080091f9   Thumb Code   110  stm32f4xx_tim.o(.text)
    TIM_ForcedOC3Config                      0x08009267   Thumb Code    90  stm32f4xx_tim.o(.text)
    TIM_ForcedOC4Config                      0x080092c1   Thumb Code    98  stm32f4xx_tim.o(.text)
    TIM_OC1PreloadConfig                     0x08009323   Thumb Code   124  stm32f4xx_tim.o(.text)
    TIM_OC2PreloadConfig                     0x0800939f   Thumb Code   108  stm32f4xx_tim.o(.text)
    TIM_OC3PreloadConfig                     0x0800940b   Thumb Code    88  stm32f4xx_tim.o(.text)
    TIM_OC4PreloadConfig                     0x08009463   Thumb Code   146  stm32f4xx_tim.o(.text)
    TIM_OC1FastConfig                        0x080094f5   Thumb Code   124  stm32f4xx_tim.o(.text)
    TIM_OC2FastConfig                        0x08009571   Thumb Code   108  stm32f4xx_tim.o(.text)
    TIM_OC3FastConfig                        0x080095dd   Thumb Code    88  stm32f4xx_tim.o(.text)
    TIM_OC4FastConfig                        0x08009635   Thumb Code    96  stm32f4xx_tim.o(.text)
    TIM_ClearOC1Ref                          0x08009695   Thumb Code   124  stm32f4xx_tim.o(.text)
    TIM_ClearOC2Ref                          0x08009711   Thumb Code   106  stm32f4xx_tim.o(.text)
    TIM_ClearOC3Ref                          0x0800977b   Thumb Code    88  stm32f4xx_tim.o(.text)
    TIM_ClearOC4Ref                          0x080097d3   Thumb Code    94  stm32f4xx_tim.o(.text)
    TIM_OC1PolarityConfig                    0x08009831   Thumb Code   124  stm32f4xx_tim.o(.text)
    TIM_OC1NPolarityConfig                   0x080098ad   Thumb Code   114  stm32f4xx_tim.o(.text)
    TIM_OC2PolarityConfig                    0x0800991f   Thumb Code   108  stm32f4xx_tim.o(.text)
    TIM_OC2NPolarityConfig                   0x0800998b   Thumb Code    72  stm32f4xx_tim.o(.text)
    TIM_OC3PolarityConfig                    0x080099d3   Thumb Code    96  stm32f4xx_tim.o(.text)
    TIM_OC3NPolarityConfig                   0x08009a33   Thumb Code    72  stm32f4xx_tim.o(.text)
    TIM_OC4PolarityConfig                    0x08009a7b   Thumb Code    96  stm32f4xx_tim.o(.text)
    TIM_CCxCmd                               0x08009adb   Thumb Code   168  stm32f4xx_tim.o(.text)
    TIM_CCxNCmd                              0x08009b83   Thumb Code   104  stm32f4xx_tim.o(.text)
    TIM_SetIC4Prescaler                      0x08009beb   Thumb Code   106  stm32f4xx_tim.o(.text)
    TIM_SetIC3Prescaler                      0x08009ca5   Thumb Code   148  stm32f4xx_tim.o(.text)
    TIM_SetIC2Prescaler                      0x08009d81   Thumb Code   118  stm32f4xx_tim.o(.text)
    TIM_SetIC1Prescaler                      0x08009e47   Thumb Code   134  stm32f4xx_tim.o(.text)
    TIM_ICInit                               0x08009f07   Thumb Code   460  stm32f4xx_tim.o(.text)
    TIM_ICStructInit                         0x0800a0d3   Thumb Code    18  stm32f4xx_tim.o(.text)
    TIM_PWMIConfig                           0x0800a0e5   Thumb Code   234  stm32f4xx_tim.o(.text)
    TIM_GetCapture1                          0x0800a1cf   Thumb Code    92  stm32f4xx_tim.o(.text)
    TIM_GetCapture2                          0x0800a22b   Thumb Code    68  stm32f4xx_tim.o(.text)
    TIM_GetCapture3                          0x0800a26f   Thumb Code    56  stm32f4xx_tim.o(.text)
    TIM_GetCapture4                          0x0800a2a7   Thumb Code    56  stm32f4xx_tim.o(.text)
    TIM_BDTRConfig                           0x0800a2df   Thumb Code   222  stm32f4xx_tim.o(.text)
    TIM_BDTRStructInit                       0x0800a3bd   Thumb Code    18  stm32f4xx_tim.o(.text)
    TIM_CtrlPWMOutputs                       0x0800a3cf   Thumb Code    78  stm32f4xx_tim.o(.text)
    TIM_SelectCOM                            0x0800a41d   Thumb Code    72  stm32f4xx_tim.o(.text)
    TIM_CCPreloadControl                     0x0800a465   Thumb Code    72  stm32f4xx_tim.o(.text)
    TIM_ITConfig                             0x0800a4ad   Thumb Code   216  stm32f4xx_tim.o(.text)
    TIM_GenerateEvent                        0x0800a585   Thumb Code   126  stm32f4xx_tim.o(.text)
    TIM_GetFlagStatus                        0x0800a603   Thumb Code   188  stm32f4xx_tim.o(.text)
    TIM_ClearFlag                            0x0800a6bf   Thumb Code   108  stm32f4xx_tim.o(.text)
    TIM_GetITStatus                          0x0800a72b   Thumb Code   186  stm32f4xx_tim.o(.text)
    TIM_ClearITPendingBit                    0x0800a7e5   Thumb Code   108  stm32f4xx_tim.o(.text)
    TIM_DMAConfig                            0x0800a851   Thumb Code   328  stm32f4xx_tim.o(.text)
    TIM_DMACmd                               0x0800a999   Thumb Code   126  stm32f4xx_tim.o(.text)
    TIM_SelectCCDMA                          0x0800aa17   Thumb Code    96  stm32f4xx_tim.o(.text)
    TIM_InternalClockConfig                  0x0800aa77   Thumb Code    76  stm32f4xx_tim.o(.text)
    TIM_SelectInputTrigger                   0x0800aac3   Thumb Code   148  stm32f4xx_tim.o(.text)
    TIM_ITRxExternalClockConfig              0x0800ab57   Thumb Code   110  stm32f4xx_tim.o(.text)
    TIM_TIxExternalClockConfig               0x0800abc5   Thumb Code   184  stm32f4xx_tim.o(.text)
    TIM_ETRConfig                            0x0800ac7d   Thumb Code   164  stm32f4xx_tim.o(.text)
    TIM_ETRClockMode1Config                  0x0800ad21   Thumb Code   228  stm32f4xx_tim.o(.text)
    TIM_ETRClockMode2Config                  0x0800ae05   Thumb Code   152  stm32f4xx_tim.o(.text)
    TIM_SelectOutputTrigger                  0x0800ae9d   Thumb Code   126  stm32f4xx_tim.o(.text)
    TIM_SelectSlaveMode                      0x0800af1b   Thumb Code   112  stm32f4xx_tim.o(.text)
    TIM_SelectMasterSlaveMode                0x0800af8b   Thumb Code   102  stm32f4xx_tim.o(.text)
    TIM_EncoderInterfaceConfig               0x0800aff1   Thumb Code   226  stm32f4xx_tim.o(.text)
    TIM_SelectHallSensor                     0x0800b0d3   Thumb Code   108  stm32f4xx_tim.o(.text)
    TIM_RemapConfig                          0x0800b13f   Thumb Code   138  stm32f4xx_tim.o(.text)
    USART_DeInit                             0x0800b1c9   Thumb Code   202  stm32f4xx_usart.o(.text)
    USART_Init                               0x0800b293   Thumb Code   456  stm32f4xx_usart.o(.text)
    USART_StructInit                         0x0800b45b   Thumb Code    24  stm32f4xx_usart.o(.text)
    USART_ClockInit                          0x0800b473   Thumb Code   166  stm32f4xx_usart.o(.text)
    USART_ClockStructInit                    0x0800b519   Thumb Code    12  stm32f4xx_usart.o(.text)
    USART_Cmd                                0x0800b525   Thumb Code    96  stm32f4xx_usart.o(.text)
    USART_SetPrescaler                       0x0800b585   Thumb Code   102  stm32f4xx_usart.o(.text)
    USART_OverSampling8Cmd                   0x0800b5eb   Thumb Code    94  stm32f4xx_usart.o(.text)
    USART_OneBitMethodCmd                    0x0800b649   Thumb Code    96  stm32f4xx_usart.o(.text)
    USART_SendData                           0x0800b6a9   Thumb Code    80  stm32f4xx_usart.o(.text)
    USART_ReceiveData                        0x0800b6f9   Thumb Code    60  stm32f4xx_usart.o(.text)
    USART_SetAddress                         0x0800b735   Thumb Code    88  stm32f4xx_usart.o(.text)
    USART_ReceiverWakeUpCmd                  0x0800b78d   Thumb Code    96  stm32f4xx_usart.o(.text)
    USART_WakeUpConfig                       0x0800b7ed   Thumb Code    92  stm32f4xx_usart.o(.text)
    USART_LINBreakDetectLengthConfig         0x0800b849   Thumb Code    90  stm32f4xx_usart.o(.text)
    USART_LINCmd                             0x0800b8a3   Thumb Code    96  stm32f4xx_usart.o(.text)
    USART_SendBreak                          0x0800b903   Thumb Code    62  stm32f4xx_usart.o(.text)
    USART_HalfDuplexCmd                      0x0800b941   Thumb Code    96  stm32f4xx_usart.o(.text)
    USART_SetGuardTime                       0x0800b9a1   Thumb Code    86  stm32f4xx_usart.o(.text)
    USART_SmartCardCmd                       0x0800b9f7   Thumb Code    84  stm32f4xx_usart.o(.text)
    USART_SmartCardNACKCmd                   0x0800ba4b   Thumb Code    84  stm32f4xx_usart.o(.text)
    USART_IrDAConfig                         0x0800ba9f   Thumb Code    90  stm32f4xx_usart.o(.text)
    USART_IrDACmd                            0x0800baf9   Thumb Code    96  stm32f4xx_usart.o(.text)
    USART_DMACmd                             0x0800bb59   Thumb Code   114  stm32f4xx_usart.o(.text)
    USART_ITConfig                           0x0800bbcb   Thumb Code   260  stm32f4xx_usart.o(.text)
    USART_GetFlagStatus                      0x0800bccf   Thumb Code   170  stm32f4xx_usart.o(.text)
    USART_ClearFlag                          0x0800bd79   Thumb Code   158  stm32f4xx_usart.o(.text)
    USART_GetITStatus                        0x0800be17   Thumb Code   278  stm32f4xx_usart.o(.text)
    USART_ClearITPendingBit                  0x0800bf2d   Thumb Code   164  stm32f4xx_usart.o(.text)
    Send_str_by_len                          0x0800bfed   Thumb Code    50  my_protocol.o(.text)
    pi_receive                               0x0800c01f   Thumb Code   246  my_protocol.o(.text)
    lidar_receive                            0x0800c115   Thumb Code    98  my_protocol.o(.text)
    lidar_cal                                0x0800c177   Thumb Code   128  my_protocol.o(.text)
    __aeabi_dadd                             0x0800c229   Thumb Code   322  dadd.o(.text)
    __aeabi_dsub                             0x0800c36b   Thumb Code     6  dadd.o(.text)
    __aeabi_drsub                            0x0800c371   Thumb Code     6  dadd.o(.text)
    __aeabi_dmul                             0x0800c377   Thumb Code   228  dmul.o(.text)
    __aeabi_i2d                              0x0800c45b   Thumb Code    34  dflti.o(.text)
    __aeabi_cdcmpeq                          0x0800c47d   Thumb Code     0  cdcmple.o(.text)
    __aeabi_cdcmple                          0x0800c47d   Thumb Code    48  cdcmple.o(.text)
    __aeabi_cdrcmple                         0x0800c4ad   Thumb Code    48  cdrcmple.o(.text)
    __aeabi_d2f                              0x0800c4dd   Thumb Code    56  d2f.o(.text)
    __aeabi_llsl                             0x0800c515   Thumb Code    30  llshl.o(.text)
    _ll_shift_l                              0x0800c515   Thumb Code     0  llshl.o(.text)
    __aeabi_lasr                             0x0800c533   Thumb Code    36  llsshr.o(.text)
    _ll_sshift_r                             0x0800c533   Thumb Code     0  llsshr.o(.text)
    __I$use$fp                               0x0800c557   Thumb Code     0  iusefp.o(.text)
    _float_round                             0x0800c557   Thumb Code    18  fepilogue.o(.text)
    _float_epilogue                          0x0800c569   Thumb Code    92  fepilogue.o(.text)
    _double_round                            0x0800c5c5   Thumb Code    30  depilogue.o(.text)
    _double_epilogue                         0x0800c5e3   Thumb Code   156  depilogue.o(.text)
    __scatterload                            0x0800c681   Thumb Code    28  init.o(.text)
    __scatterload_rt2                        0x0800c681   Thumb Code     0  init.o(.text)
    __aeabi_llsr                             0x0800c6a5   Thumb Code    32  llushr.o(.text)
    _ll_ushift_r                             0x0800c6a5   Thumb Code     0  llushr.o(.text)
    __decompress                             0x0800c6c5   Thumb Code     0  __dczerorl2.o(.text)
    __decompress1                            0x0800c6c5   Thumb Code    86  __dczerorl2.o(.text)
    __scatterload_copy                       0x0800c71b   Thumb Code    14  handlers.o(i.__scatterload_copy)
    __scatterload_null                       0x0800c729   Thumb Code     2  handlers.o(i.__scatterload_null)
    __scatterload_zeroinit                   0x0800c72b   Thumb Code    14  handlers.o(i.__scatterload_zeroinit)
    fast_atan_table                          0x0800c738   Data        1028  ano_math.o(.constdata)
    Region$$Table$$Base                      0x0800cdd0   Number         0  anon$$obj.o(Region$$Table)
    Region$$Table$$Limit                     0x0800cdf0   Number         0  anon$$obj.o(Region$$Table)
    eme_stop                                 0x20000054   Data           1  user_task.o(.data)
    fc_bat                                   0x20000062   Data           4  ano_lx.o(.data)
    fc_att                                   0x20000066   Data           7  ano_lx.o(.data)
    fc_vel                                   0x2000006d   Data           6  ano_lx.o(.data)
    sti_fun                                  0x20000084   Data           2  lx_fc_state.o(.data)
    pvt_receive_updata                       0x200000a2   Data           1  drv_ubloxgps.o(.data)
    fre_test_cnt                             0x200000a4   Data           2  drv_ubloxgps.o(.data)
    Period_Out_H                             0x200000a6   Data          14  drv_ubloxgps.o(.data)
    Period_Out_L                             0x200000b4   Data          14  drv_ubloxgps.o(.data)
    Pulse_Period                             0x200000c2   Data          28  drv_ubloxgps.o(.data)
    Baud115200                               0x200000de   Data          28  drv_ubloxgps.o(.data)
    Save_Con                                 0x200000fa   Data          21  drv_ubloxgps.o(.data)
    POLLSH_SET                               0x2000010f   Data          11  drv_ubloxgps.o(.data)
    SOL_SET                                  0x2000011a   Data          11  drv_ubloxgps.o(.data)
    VELNED_SET                               0x20000125   Data          11  drv_ubloxgps.o(.data)
    TIMEUTC_SET                              0x20000130   Data          11  drv_ubloxgps.o(.data)
    DOP_SET                                  0x2000013b   Data          11  drv_ubloxgps.o(.data)
    PVT_SET                                  0x20000146   Data          11  drv_ubloxgps.o(.data)
    pvt_recerve_ok_cnt                       0x20000156   Data           1  drv_ubloxgps.o(.data)
    led                                      0x20000160   Data           4  drv_led.o(.data)
    Tx1Counter                               0x20000170   Data           1  drv_uart.o(.data)
    count1                                   0x20000171   Data           1  drv_uart.o(.data)
    U1RxInCnt                                0x20000172   Data           1  drv_uart.o(.data)
    U1RxoutCnt                               0x20000173   Data           1  drv_uart.o(.data)
    TxCounter                                0x20000174   Data           1  drv_uart.o(.data)
    count                                    0x20000175   Data           1  drv_uart.o(.data)
    U2RxInCnt                                0x20000176   Data           1  drv_uart.o(.data)
    U2RxoutCnt                               0x20000177   Data           1  drv_uart.o(.data)
    Tx3Counter                               0x20000178   Data           1  drv_uart.o(.data)
    count3                                   0x20000179   Data           1  drv_uart.o(.data)
    U3RxInCnt                                0x2000017a   Data           1  drv_uart.o(.data)
    U3RxoutCnt                               0x2000017b   Data           1  drv_uart.o(.data)
    Tx4Counter                               0x2000017c   Data           1  drv_uart.o(.data)
    count4                                   0x2000017d   Data           1  drv_uart.o(.data)
    U4RxInCnt                                0x2000017e   Data           1  drv_uart.o(.data)
    U4RxoutCnt                               0x2000017f   Data           1  drv_uart.o(.data)
    Tx5Counter                               0x20000180   Data           1  drv_uart.o(.data)
    count5                                   0x20000181   Data           1  drv_uart.o(.data)
    U5RxInCnt                                0x20000182   Data           1  drv_uart.o(.data)
    U5RxoutCnt                               0x20000183   Data           1  drv_uart.o(.data)
    SystemCoreClock                          0x20000184   Data           4  system_stm32f4xx.o(.data)
    AHBPrescTable                            0x20000188   Data          16  system_stm32f4xx.o(.data)
    com_x                                    0x200001a8   Data           1  my_protocol.o(.data)
    com_y                                    0x200001a9   Data           1  my_protocol.o(.data)
    com_z                                    0x200001aa   Data           1  my_protocol.o(.data)
    com_yaw                                  0x200001ab   Data           1  my_protocol.o(.data)
    task_sta                                 0x200001ac   Data           1  my_protocol.o(.data)
    pi_receive_done_sign                     0x200001ad   Data           1  my_protocol.o(.data)
    lidar_receive_done_sign                  0x200001ae   Data           1  my_protocol.o(.data)
    task_sta_t                               0x200001af   Data           1  my_protocol.o(.data)
    lidar                                    0x200001b4   Data          58  ano_scheduler.o(.bss)
    send_buffer                              0x200001f0   Data          50  ano_dt_lx.o(.bss)
    dt                                       0x20000224   Data        1564  ano_dt_lx.o(.bss)
    rt_tar                                   0x20000940   Data          14  ano_lx.o(.bss)
    pwm_to_esc                               0x2000094e   Data          16  ano_lx.o(.bss)
    fc_att_qua                               0x2000095e   Data           9  ano_lx.o(.bss)
    ext_sens                                 0x20000978   Data          48  lx_fc_ext_sensor.o(.bss)
    fc_sta                                   0x200009a8   Data          11  lx_fc_state.o(.bss)
    rc_in                                    0x200009b4   Data          82  drv_bsp.o(.bss)
    ano_of                                   0x20000a20   Data          60  drv_anoof.o(.bss)
    ubx                                      0x20000a9c   Data         100  drv_ubloxgps.o(.bss)
    AdcValue                                 0x20000b00   Data         100  drv_adc.o(.bss)
    Tx1Buffer                                0x20000b64   Data         256  drv_uart.o(.bss)
    U1RxDataTmp                              0x20000c64   Data         100  drv_uart.o(.bss)
    TxBuffer                                 0x20000cc8   Data         256  drv_uart.o(.bss)
    U2RxDataTmp                              0x20000dc8   Data         100  drv_uart.o(.bss)
    Tx3Buffer                                0x20000e2c   Data         256  drv_uart.o(.bss)
    U3RxDataTmp                              0x20000f2c   Data         100  drv_uart.o(.bss)
    Tx4Buffer                                0x20000f90   Data         256  drv_uart.o(.bss)
    U4RxDataTmp                              0x20001090   Data         100  drv_uart.o(.bss)
    Tx5Buffer                                0x200010f4   Data         256  drv_uart.o(.bss)
    U5RxDataTmp                              0x200011f4   Data         100  drv_uart.o(.bss)
    RxBuffer                                 0x20001258   Data         256  my_protocol.o(.bss)
    LidarBuffer                              0x20001358   Data         256  my_protocol.o(.bss)
    __initial_sp                             0x20001c58   Data           0  startup_stm32f4xx.o(STACK)



==============================================================================

Memory Map of the image

  Image Entry point : 0x08000189

  Load Region LR_IROM1 (Base: 0x08000000, Size: 0x0000cfa4, Max: 0x00100000, ABSOLUTE, COMPRESSED[0x0000ce9c])

    Execution Region ER_IROM1 (Exec base: 0x08000000, Load base: 0x08000000, Size: 0x0000cdf0, Max: 0x00100000, ABSOLUTE)

    Exec Addr    Load Addr    Size         Type   Attr      Idx    E Section Name        Object

    0x08000000   0x08000000   0x00000188   Data   RO          570    RESET               startup_stm32f4xx.o
    0x08000188   0x08000188   0x00000000   Code   RO          792  * .ARM.Collect$$$$00000000  mc_w.l(entry.o)
    0x08000188   0x08000188   0x00000004   Code   RO          807    .ARM.Collect$$$$00000001  mc_w.l(entry2.o)
    0x0800018c   0x0800018c   0x00000004   Code   RO          810    .ARM.Collect$$$$00000004  mc_w.l(entry5.o)
    0x08000190   0x08000190   0x00000000   Code   RO          812    .ARM.Collect$$$$00000008  mc_w.l(entry7b.o)
    0x08000190   0x08000190   0x00000000   Code   RO          814    .ARM.Collect$$$$0000000A  mc_w.l(entry8b.o)
    0x08000190   0x08000190   0x00000008   Code   RO          815    .ARM.Collect$$$$0000000B  mc_w.l(entry9a.o)
    0x08000198   0x08000198   0x00000004   Code   RO          822    .ARM.Collect$$$$0000000E  mc_w.l(entry12b.o)
    0x0800019c   0x0800019c   0x00000000   Code   RO          817    .ARM.Collect$$$$0000000F  mc_w.l(entry10a.o)
    0x0800019c   0x0800019c   0x00000000   Code   RO          819    .ARM.Collect$$$$00000011  mc_w.l(entry11a.o)
    0x0800019c   0x0800019c   0x00000004   Code   RO          808    .ARM.Collect$$$$00002712  mc_w.l(entry2.o)
    0x080001a0   0x080001a0   0x00000014   Code   RO            2    .text               main.o
    0x080001b4   0x080001b4   0x000000f4   Code   RO          112    .text               ano_scheduler.o
    0x080002a8   0x080002a8   0x0000025c   Code   RO          143    .text               user_task.o
    0x08000504   0x08000504   0x00000794   Code   RO          172    .text               ano_dt_lx.o
    0x08000c98   0x08000c98   0x000004b4   Code   RO          207    .text               ano_lx.o
    0x0800114c   0x0800114c   0x000000e4   Code   RO          250    .text               lx_fc_ext_sensor.o
    0x08001230   0x08001230   0x0000029c   Code   RO          273    .text               lx_fc_fun.o
    0x080014cc   0x080014cc   0x00000284   Code   RO          290    .text               lx_fc_state.o
    0x08001750   0x08001750   0x000004e8   Code   RO          313    .text               drv_bsp.o
    0x08001c38   0x08001c38   0x0000087c   Code   RO          339    .text               ano_math.o
    0x080024b4   0x080024b4   0x00000340   Code   RO          361    .text               drv_anoof.o
    0x080027f4   0x080027f4   0x000003a8   Code   RO          384    .text               drv_ubloxgps.o
    0x08002b9c   0x08002b9c   0x0000007c   Code   RO          404    .text               stm32f4xx_it.o
    0x08002c18   0x08002c18   0x00000108   Code   RO          420    .text               drv_sys.o
    0x08002d20   0x08002d20   0x00000194   Code   RO          448    .text               drv_adc.o
    0x08002eb4   0x08002eb4   0x0000011c   Code   RO          470    .text               drv_led.o
    0x08002fd0   0x08002fd0   0x0000037c   Code   RO          492    .text               drv_pwmout.o
    0x0800334c   0x0800334c   0x000001e4   Code   RO          508    .text               drv_rcin.o
    0x08003530   0x08003530   0x0000008c   Code   RO          525    .text               drv_timer.o
    0x080035bc   0x080035bc   0x00000a50   Code   RO          545    .text               drv_uart.o
    0x0800400c   0x0800400c   0x00000024   Code   RO          571    .text               startup_stm32f4xx.o
    0x08004030   0x08004030   0x00000210   Code   RO          576    .text               system_stm32f4xx.o
    0x08004240   0x08004240   0x000001c0   Code   RO          598    .text               misc.o
    0x08004400   0x08004400   0x00000fdc   Code   RO          615    .text               stm32f4xx_adc.o
    0x080053dc   0x080053dc   0x00001368   Code   RO          632    .text               stm32f4xx_dma.o
    0x08006744   0x08006744   0x000002d4   Code   RO          649    .text               stm32f4xx_exti.o
    0x08006a18   0x08006a18   0x000008c8   Code   RO          683    .text               stm32f4xx_gpio.o
    0x080072e0   0x080072e0   0x00000cfc   Code   RO          700    .text               stm32f4xx_rcc.o
    0x08007fdc   0x08007fdc   0x000031ec   Code   RO          736    .text               stm32f4xx_tim.o
    0x0800b1c8   0x0800b1c8   0x00000e24   Code   RO          753    .text               stm32f4xx_usart.o
    0x0800bfec   0x0800bfec   0x0000023c   Code   RO          770    .text               my_protocol.o
    0x0800c228   0x0800c228   0x0000014e   Code   RO          795    .text               mf_w.l(dadd.o)
    0x0800c376   0x0800c376   0x000000e4   Code   RO          797    .text               mf_w.l(dmul.o)
    0x0800c45a   0x0800c45a   0x00000022   Code   RO          799    .text               mf_w.l(dflti.o)
    0x0800c47c   0x0800c47c   0x00000030   Code   RO          801    .text               mf_w.l(cdcmple.o)
    0x0800c4ac   0x0800c4ac   0x00000030   Code   RO          803    .text               mf_w.l(cdrcmple.o)
    0x0800c4dc   0x0800c4dc   0x00000038   Code   RO          805    .text               mf_w.l(d2f.o)
    0x0800c514   0x0800c514   0x0000001e   Code   RO          823    .text               mc_w.l(llshl.o)
    0x0800c532   0x0800c532   0x00000024   Code   RO          825    .text               mc_w.l(llsshr.o)
    0x0800c556   0x0800c556   0x00000000   Code   RO          827    .text               mc_w.l(iusefp.o)
    0x0800c556   0x0800c556   0x0000006e   Code   RO          828    .text               mf_w.l(fepilogue.o)
    0x0800c5c4   0x0800c5c4   0x000000ba   Code   RO          830    .text               mf_w.l(depilogue.o)
    0x0800c67e   0x0800c67e   0x00000002   PAD
    0x0800c680   0x0800c680   0x00000024   Code   RO          832    .text               mc_w.l(init.o)
    0x0800c6a4   0x0800c6a4   0x00000020   Code   RO          834    .text               mc_w.l(llushr.o)
    0x0800c6c4   0x0800c6c4   0x00000056   Code   RO          844    .text               mc_w.l(__dczerorl2.o)
    0x0800c71a   0x0800c71a   0x0000000e   Code   RO          838    i.__scatterload_copy  mc_w.l(handlers.o)
    0x0800c728   0x0800c728   0x00000002   Code   RO          839    i.__scatterload_null  mc_w.l(handlers.o)
    0x0800c72a   0x0800c72a   0x0000000e   Code   RO          840    i.__scatterload_zeroinit  mc_w.l(handlers.o)
    0x0800c738   0x0800c738   0x00000404   Data   RO          340    .constdata          ano_math.o
    0x0800cb3c   0x0800cb3c   0x00000048   Data   RO          599    .conststring        misc.o
    0x0800cb84   0x0800cb84   0x00000051   Data   RO          616    .conststring        stm32f4xx_adc.o
    0x0800cbd5   0x0800cbd5   0x00000003   PAD
    0x0800cbd8   0x0800cbd8   0x00000051   Data   RO          633    .conststring        stm32f4xx_dma.o
    0x0800cc29   0x0800cc29   0x00000003   PAD
    0x0800cc2c   0x0800cc2c   0x00000052   Data   RO          650    .conststring        stm32f4xx_exti.o
    0x0800cc7e   0x0800cc7e   0x00000002   PAD
    0x0800cc80   0x0800cc80   0x00000052   Data   RO          684    .conststring        stm32f4xx_gpio.o
    0x0800ccd2   0x0800ccd2   0x00000002   PAD
    0x0800ccd4   0x0800ccd4   0x00000051   Data   RO          701    .conststring        stm32f4xx_rcc.o
    0x0800cd25   0x0800cd25   0x00000003   PAD
    0x0800cd28   0x0800cd28   0x00000051   Data   RO          737    .conststring        stm32f4xx_tim.o
    0x0800cd79   0x0800cd79   0x00000003   PAD
    0x0800cd7c   0x0800cd7c   0x00000053   Data   RO          754    .conststring        stm32f4xx_usart.o
    0x0800cdcf   0x0800cdcf   0x00000001   PAD
    0x0800cdd0   0x0800cdd0   0x00000020   Data   RO          836    Region$$Table       anon$$obj.o


    Execution Region RW_IRAM1 (Exec base: 0x20000000, Load base: 0x0800cdf0, Size: 0x00001c58, Max: 0x00020000, ABSOLUTE, COMPRESSED[0x000000ac])

    Exec Addr    Load Addr    Size         Type   Attr      Idx    E Section Name        Object

    0x20000000   COMPRESSED   0x00000054   Data   RW          114    .data               ano_scheduler.o
    0x20000054   COMPRESSED   0x00000008   Data   RW          144    .data               user_task.o
    0x2000005c   COMPRESSED   0x00000006   Data   RW          174    .data               ano_dt_lx.o
    0x20000062   COMPRESSED   0x0000001c   Data   RW          209    .data               ano_lx.o
    0x2000007e   COMPRESSED   0x00000004   Data   RW          252    .data               lx_fc_ext_sensor.o
    0x20000082   COMPRESSED   0x00000001   Data   RW          274    .data               lx_fc_fun.o
    0x20000083   COMPRESSED   0x00000001   PAD
    0x20000084   COMPRESSED   0x00000006   Data   RW          292    .data               lx_fc_state.o
    0x2000008a   COMPRESSED   0x00000002   PAD
    0x2000008c   COMPRESSED   0x00000013   Data   RW          315    .data               drv_bsp.o
    0x2000009f   COMPRESSED   0x00000003   Data   RW          363    .data               drv_anoof.o
    0x200000a2   COMPRESSED   0x000000b6   Data   RW          386    .data               drv_ubloxgps.o
    0x20000158   COMPRESSED   0x00000008   Data   RW          421    .data               drv_sys.o
    0x20000160   COMPRESSED   0x0000000c   Data   RW          471    .data               drv_led.o
    0x2000016c   COMPRESSED   0x00000004   Data   RW          509    .data               drv_rcin.o
    0x20000170   COMPRESSED   0x00000014   Data   RW          547    .data               drv_uart.o
    0x20000184   COMPRESSED   0x00000014   Data   RW          577    .data               system_stm32f4xx.o
    0x20000198   COMPRESSED   0x00000010   Data   RW          702    .data               stm32f4xx_rcc.o
    0x200001a8   COMPRESSED   0x0000000b   Data   RW          772    .data               my_protocol.o
    0x200001b3   COMPRESSED   0x00000001   PAD
    0x200001b4        -       0x0000003a   Zero   RW          113    .bss                ano_scheduler.o
    0x200001ee   COMPRESSED   0x00000002   PAD
    0x200001f0        -       0x00000750   Zero   RW          173    .bss                ano_dt_lx.o
    0x20000940        -       0x00000038   Zero   RW          208    .bss                ano_lx.o
    0x20000978        -       0x00000030   Zero   RW          251    .bss                lx_fc_ext_sensor.o
    0x200009a8        -       0x0000000b   Zero   RW          291    .bss                lx_fc_state.o
    0x200009b3   COMPRESSED   0x00000001   PAD
    0x200009b4        -       0x0000006b   Zero   RW          314    .bss                drv_bsp.o
    0x20000a1f   COMPRESSED   0x00000001   PAD
    0x20000a20        -       0x0000007c   Zero   RW          362    .bss                drv_anoof.o
    0x20000a9c        -       0x00000064   Zero   RW          385    .bss                drv_ubloxgps.o
    0x20000b00        -       0x00000064   Zero   RW          449    .bss                drv_adc.o
    0x20000b64        -       0x000006f4   Zero   RW          546    .bss                drv_uart.o
    0x20001258        -       0x00000200   Zero   RW          771    .bss                my_protocol.o
    0x20001458        -       0x00000800   Zero   RW          568    STACK               startup_stm32f4xx.o


==============================================================================

Image component sizes


      Code (inc. data)   RO Data    RW Data    ZI Data      Debug   Object Name

      1940         84          0          6       1872       6190   ano_dt_lx.o
      1204         96          0         28         56       5318   ano_lx.o
      2172        142       1028          0          0       7746   ano_math.o
       244         26          0         84         58       2907   ano_scheduler.o
       404         36          0          0        100       1873   drv_adc.o
       832         36          0          3        124       3070   drv_anoof.o
      1256         62          0         19        107       3550   drv_bsp.o
       284         12          0         12          0       2498   drv_led.o
       892         38          0          0          0       1815   drv_pwmout.o
       484         20          0          4          0       1444   drv_rcin.o
       264         12          0          8          0      20317   drv_sys.o
       140          4          0          0          0        919   drv_timer.o
      2640        170          0         20       1780       8983   drv_uart.o
       936         82          0        182        100       3407   drv_ubloxgps.o
       228         30          0          4         48       2603   lx_fc_ext_sensor.o
       668         12          0          1          0       2728   lx_fc_fun.o
       644         30          0          6         11       2023   lx_fc_state.o
        20          0          0          0          0     299457   main.o
       448         30         72          0          0       2277   misc.o
       572         50          0         11        512       3047   my_protocol.o
        36          8        392          0       2048        956   startup_stm32f4xx.o
      4060        104         81          0          0      13594   stm32f4xx_adc.o
      4968        316         81          0          0       9205   stm32f4xx_dma.o
       724         14         82          0          0       2955   stm32f4xx_exti.o
      2248         86         82          0          0       5657   stm32f4xx_gpio.o
       124          4          0          0          0       2322   stm32f4xx_it.o
      3324        218         81         16          0      13795   stm32f4xx_rcc.o
     12780        628         81          0          0      31448   stm32f4xx_tim.o
      3620        116         83          0          0      10328   stm32f4xx_usart.o
       528         46          0         20          0       2191   system_stm32f4xx.o
       604         48          0          8          0       1536   user_task.o

    ----------------------------------------------------------------------
     49288       2560       2112        436       6820     476159   Object Totals
         0          0         32          0          0          0   (incl. Generated)
         0          0         17          4          4          0   (incl. Padding)

    ----------------------------------------------------------------------

      Code (inc. data)   RO Data    RW Data    ZI Data      Debug   Library Member Name

        86          0          0          0          0          0   __dczerorl2.o
         0          0          0          0          0          0   entry.o
         0          0          0          0          0          0   entry10a.o
         0          0          0          0          0          0   entry11a.o
         4          0          0          0          0          0   entry12b.o
         8          4          0          0          0          0   entry2.o
         4          0          0          0          0          0   entry5.o
         0          0          0          0          0          0   entry7b.o
         0          0          0          0          0          0   entry8b.o
         8          4          0          0          0          0   entry9a.o
        30          0          0          0          0          0   handlers.o
        36          8          0          0          0         68   init.o
         0          0          0          0          0          0   iusefp.o
        30          0          0          0          0         68   llshl.o
        36          0          0          0          0         68   llsshr.o
        32          0          0          0          0         68   llushr.o
        48          0          0          0          0         68   cdcmple.o
        48          0          0          0          0         68   cdrcmple.o
        56          0          0          0          0         88   d2f.o
       334          0          0          0          0        148   dadd.o
       186          0          0          0          0        176   depilogue.o
        34          0          0          0          0         76   dflti.o
       228          0          0          0          0         96   dmul.o
       110          0          0          0          0        168   fepilogue.o

    ----------------------------------------------------------------------
      1320         16          0          0          0       1160   Library Totals
         2          0          0          0          0          0   (incl. Padding)

    ----------------------------------------------------------------------

      Code (inc. data)   RO Data    RW Data    ZI Data      Debug   Library Name

       274         16          0          0          0        272   mc_w.l
      1044          0          0          0          0        888   mf_w.l

    ----------------------------------------------------------------------
      1320         16          0          0          0       1160   Library Totals

    ----------------------------------------------------------------------

==============================================================================


      Code (inc. data)   RO Data    RW Data    ZI Data      Debug   

     50608       2576       2112        436       6820     471683   Grand Totals
     50608       2576       2112        172       6820     471683   ELF Image Totals (compressed)
     50608       2576       2112        172          0          0   ROM Totals

==============================================================================

    Total RO  Size (Code + RO Data)                52720 (  51.48kB)
    Total RW  Size (RW Data + ZI Data)              7256 (   7.09kB)
    Total ROM Size (Code + RO Data + RW Data)      52892 (  51.65kB)

==============================================================================

