<html>
<body>
<pre>
<h1>µVision Build Log</h1>
<h2>Tool Versions:</h2>
IDE-Version: ¦ÌVision V5.37.0.0
Copyright (C) 2022 ARM Ltd and ARM Germany GmbH. All rights reserved.
License Information: L R, HUST, LIC=D0D7S-LT4YS-KPWZY-I1KDP-C2LWN-W7LAM
 
Tool Versions:
Toolchain:       MDK-ARM Plus  Version: 5.37.0.0
Toolchain Path:  C:\Keil_v5\ARM\ARMCC\Bin
C Compiler:      Armcc.exe V5.06 update 7 (build 960)
Assembler:       Armasm.exe V5.06 update 7 (build 960)
Linker/Locator:  ArmLink.exe V5.06 update 7 (build 960)
Library Manager: ArmAr.exe V5.06 update 7 (build 960)
Hex Converter:   FromElf.exe V5.06 update 7 (build 960)
CPU DLL:         SARMCM3.DLL V5.37.0.0
Dialog DLL:      DCM.DLL V1.17.5.0
Target DLL:      Segger\JL2CM3.dll V2.97.0.0
Dialog DLL:      TCM.DLL V1.56.1.0
 
<h2>Project:</h2>
D:\WORKPLACE\Plane!\ANO_LX_FC M\ProjectSTM32F407\ANO_LX_STM32F407.uvprojx
Project File Date:  11/24/2022

<h2>Output:</h2>
*** Using Compiler 'V5.06 update 7 (build 960)', folder: 'C:\Keil_v5\ARM\ARMCC\Bin'
Rebuild target 'Ano_LX'
compiling main.c...
compiling Drv_UbloxGPS.c...
compiling Drv_adc.c...
compiling LX_FC_EXT_Sensor.c...
compiling ANO_LX.c...
compiling Ano_Scheduler.c...
..\Mycode\my_protocol.h(31): warning:  #1-D: last line of file ends without a newline
  	
..\FcSrc\Ano_Scheduler.c: 1 warning, 0 errors
compiling stm32f4xx_it.c...
compiling LX_FC_Fun.c...
compiling Drv_Sys.c...
compiling User_Task.c...
..\FcSrc\User_Task.c(150): warning:  #68-D: integer conversion resulted in a change of sign
  					tar_setdata(0,-speed_y,0,0);
..\FcSrc\User_Task.c: 1 warning, 0 errors
compiling LX_FC_State.c...
compiling Drv_AnoOf.c...
compiling Drv_BSP.c...
compiling Ano_Math.c...
compiling ANO_DT_LX.c...
assembling startup_stm32f4xx.s...
compiling Drv_led.c...
compiling Drv_PwmOut.c...
compiling Drv_RcIn.c...
compiling Drv_Timer.c...
compiling misc.c...
compiling system_stm32f4xx.c...
compiling Drv_Uart.c...
..\Mycode\my_protocol.h(31): warning:  #1-D: last line of file ends without a newline
  	
..\DriversMcu\STM32F407\Drivers\Drv_Uart.c: 1 warning, 0 errors
compiling stm32f4xx_exti.c...
compiling stm32f4xx_flash.c...
compiling stm32f4xx_gpio.c...
compiling stm32f4xx_adc.c...
compiling stm32f4xx_spi.c...
compiling stm32f4xx_rcc.c...
compiling stm32f4xx_dma.c...
compiling stm32f4xx_usart.c...
compiling my_protocol.c...
..\Mycode\my_protocol.h(31): warning:  #1-D: last line of file ends without a newline
  	
..\Mycode\my_protocol.c: 1 warning, 0 errors
compiling stm32f4xx_tim.c...
linking...
Program Size: Code=50608 RO-data=2112 RW-data=436 ZI-data=6820  
FromELF: creating hex file...
After Build - User command #1: fromelf.exe --bin -o ./ANO-LX.bin ./build/Ano_LX.axf
".\build\ANO_LX.axf" - 0 Error(s), 4 Warning(s).

<h2>Software Packages used:</h2>

Package Vendor: Keil
                http://www.keil.com/pack/Keil.STM32F4xx_DFP.2.16.0.pack
                Keil.STM32F4xx_DFP.2.16.0
                STMicroelectronics STM32F4 Series Device Support, Drivers and Examples

<h2>Collection of Component include folders:</h2>
  C:/Users/Administrator/AppData/Local/Arm/Packs/Keil/STM32F4xx_DFP/2.16.0/Drivers/CMSIS/Device/ST/STM32F4xx/Include

<h2>Collection of Component Files used:</h2>
Build Time Elapsed:  00:00:02
</pre>
</body>
</html>
